Archive member included to satisfy reference by file (symbol)

/usr/local/mcuxpressoide-10.0.2_411/ide/tools/bin/../lib/gcc/arm-none-eabi/5.4.1/../../../../arm-none-eabi/lib/armv6-m/libm.a(lib_a-s_round.o)
                              ./framework/XCVR/MKW41Z4/fsl_xcvr.o (round)
/usr/local/mcuxpressoide-10.0.2_411/ide/tools/bin/../lib/gcc/arm-none-eabi/5.4.1/../../../../arm-none-eabi/lib/armv6-m/libm.a(lib_a-s_trunc.o)
                              ./framework/XCVR/MKW41Z4/fsl_xcvr.o (trunc)
/usr/local/mcuxpressoide-10.0.2_411/ide/tools/bin/../lib/gcc/arm-none-eabi/5.4.1/../../../../arm-none-eabi/lib/armv6-m/libm.a(lib_a-sf_round.o)
                              ./framework/XCVR/MKW41Z4/fsl_xcvr_trim.o (roundf)
/usr/local/mcuxpressoide-10.0.2_411/ide/tools/bin/../lib/gcc/arm-none-eabi/5.4.1/../../../../arm-none-eabi/lib/armv6-m/libc.a(lib_a-exit.o)
                              /usr/local/mcuxpressoide-10.0.2_411/ide/tools/bin/../lib/gcc/arm-none-eabi/5.4.1/../../../../arm-none-eabi/lib/armv6-m/crt0.o (exit)
/usr/local/mcuxpressoide-10.0.2_411/ide/tools/bin/../lib/gcc/arm-none-eabi/5.4.1/../../../../arm-none-eabi/lib/armv6-m/libc.a(lib_a-impure.o)
                              /usr/local/mcuxpressoide-10.0.2_411/ide/tools/bin/../lib/gcc/arm-none-eabi/5.4.1/../../../../arm-none-eabi/lib/armv6-m/libc.a(lib_a-exit.o) (_global_impure_ptr)
/usr/local/mcuxpressoide-10.0.2_411/ide/tools/bin/../lib/gcc/arm-none-eabi/5.4.1/../../../../arm-none-eabi/lib/armv6-m/libc.a(lib_a-init.o)
                              /usr/local/mcuxpressoide-10.0.2_411/ide/tools/bin/../lib/gcc/arm-none-eabi/5.4.1/../../../../arm-none-eabi/lib/armv6-m/crt0.o (__libc_init_array)
/usr/local/mcuxpressoide-10.0.2_411/ide/tools/bin/../lib/gcc/arm-none-eabi/5.4.1/../../../../arm-none-eabi/lib/armv6-m/libc.a(lib_a-memcpy-stub.o)
                              ./source/SLIP.o (memcpy)
/usr/local/mcuxpressoide-10.0.2_411/ide/tools/bin/../lib/gcc/arm-none-eabi/5.4.1/../../../../arm-none-eabi/lib/armv6-m/libc.a(lib_a-memset.o)
                              /usr/local/mcuxpressoide-10.0.2_411/ide/tools/bin/../lib/gcc/arm-none-eabi/5.4.1/../../../../arm-none-eabi/lib/armv6-m/crt0.o (memset)
/usr/local/mcuxpressoide-10.0.2_411/ide/tools/bin/../lib/gcc/arm-none-eabi/5.4.1/../../../../arm-none-eabi/lib/armv6-m/libc.a(lib_a-strlen-stub.o)
                              ./framework/SerialManager/Source/SerialManager.o (strlen)
/usr/local/mcuxpressoide-10.0.2_411/ide/tools/bin/../lib/gcc/arm-none-eabi/5.4.1/../../../../arm-none-eabi/lib/armv6-m/libc.a(lib_a-strncmp.o)
                              ./source/lab3_server.o (strncmp)
/usr/local/mcuxpressoide-10.0.2_411/ide/tools/bin/../lib/gcc/arm-none-eabi/5.4.1/../../../../arm-none-eabi/lib/armv6-m/libc.a(lib_a-__call_atexit.o)
                              /usr/local/mcuxpressoide-10.0.2_411/ide/tools/bin/../lib/gcc/arm-none-eabi/5.4.1/../../../../arm-none-eabi/lib/armv6-m/libc.a(lib_a-exit.o) (__call_exitprocs)
/usr/local/mcuxpressoide-10.0.2_411/ide/tools/bin/../lib/gcc/arm-none-eabi/5.4.1/../../../../arm-none-eabi/lib/armv6-m/libc.a(lib_a-atexit.o)
                              /usr/local/mcuxpressoide-10.0.2_411/ide/tools/bin/../lib/gcc/arm-none-eabi/5.4.1/../../../../arm-none-eabi/lib/armv6-m/libc.a(lib_a-__call_atexit.o) (atexit)
/usr/local/mcuxpressoide-10.0.2_411/ide/tools/bin/../lib/gcc/arm-none-eabi/5.4.1/../../../../arm-none-eabi/lib/armv6-m/libc.a(lib_a-fini.o)
                              /usr/local/mcuxpressoide-10.0.2_411/ide/tools/bin/../lib/gcc/arm-none-eabi/5.4.1/../../../../arm-none-eabi/lib/armv6-m/libc.a(lib_a-__call_atexit.o) (__libc_fini_array)
/usr/local/mcuxpressoide-10.0.2_411/ide/tools/bin/../lib/gcc/arm-none-eabi/5.4.1/../../../../arm-none-eabi/lib/armv6-m/libc.a(lib_a-__atexit.o)
                              /usr/local/mcuxpressoide-10.0.2_411/ide/tools/bin/../lib/gcc/arm-none-eabi/5.4.1/../../../../arm-none-eabi/lib/armv6-m/libc.a(lib_a-atexit.o) (__register_exitproc)
/usr/local/mcuxpressoide-10.0.2_411/ide/tools/bin/../lib/gcc/arm-none-eabi/5.4.1/armv6-m/libgcc.a(_udivsi3.o)
                              ./ieee_802.15.4/phy/source/MKW41Z/PhyPacketProcessor.o (__aeabi_uidiv)
/usr/local/mcuxpressoide-10.0.2_411/ide/tools/bin/../lib/gcc/arm-none-eabi/5.4.1/armv6-m/libgcc.a(_divsi3.o)
                              ./ieee_802.15.4/phy/source/MKW41Z/PhyISR.o (__aeabi_idiv)
/usr/local/mcuxpressoide-10.0.2_411/ide/tools/bin/../lib/gcc/arm-none-eabi/5.4.1/armv6-m/libgcc.a(_dvmd_tls.o)
                              /usr/local/mcuxpressoide-10.0.2_411/ide/tools/bin/../lib/gcc/arm-none-eabi/5.4.1/armv6-m/libgcc.a(_udivsi3.o) (__aeabi_idiv0)
/usr/local/mcuxpressoide-10.0.2_411/ide/tools/bin/../lib/gcc/arm-none-eabi/5.4.1/armv6-m/libgcc.a(_arm_cmpdf2.o)
                              ./framework/XCVR/MKW41Z4/fsl_xcvr.o (__aeabi_dcmpgt)
/usr/local/mcuxpressoide-10.0.2_411/ide/tools/bin/../lib/gcc/arm-none-eabi/5.4.1/armv6-m/libgcc.a(_arm_cmpsf2.o)
[...]
Memory Configuration

Name             Origin             Length             Attributes
TEXT_region1     0x00000000         0x00000400         xr
m_flash_config_region 0x00000400         0x00000010         xr
TEXT_region2     0x00000411         0x0007f3ee         xr
DATA_region      0x1fff8000         0x00020000         rw
PRODUCT_INFO_region 0x0007f800         0x000007ff         xr
*default*        0x00000000         0xffffffff

Linker script and memory map

LOAD /usr/local/mcuxpressoide-10.0.2_411/ide/tools/bin/../lib/gcc/arm-none-eabi/5.4.1/armv6-m/crti.o
LOAD /usr/local/mcuxpressoide-10.0.2_411/ide/tools/bin/../lib/gcc/arm-none-eabi/5.4.1/armv6-m/crtbegin.o
LOAD /usr/local/mcuxpressoide-10.0.2_411/ide/tools/bin/../lib/gcc/arm-none-eabi/5.4.1/../../../../arm-none-eabi/lib/armv6-m/crt0.o
LOAD ./utilities/fsl_debug_console.o
LOAD ./startup/startup_MKW41Z4.o
LOAD ./source/SLIP.o
LOAD ./source/TCP_IP.o
LOAD ./source/lab3_server.o
LOAD ./source/mtb.o
LOAD ./ieee_802.15.4/smac/source/SMAC.o
LOAD ./ieee_802.15.4/phy/source/MKW41Z/ASP.o
LOAD ./ieee_802.15.4/phy/source/MKW41Z/MPM.o
LOAD ./ieee_802.15.4/phy/source/MKW41Z/PhyISR.o
LOAD ./ieee_802.15.4/phy/source/MKW41Z/PhyPacketProcessor.o
LOAD ./ieee_802.15.4/phy/source/MKW41Z/PhyPlmeData.o
LOAD ./ieee_802.15.4/phy/source/MKW41Z/PhyStateMachine.o
LOAD ./ieee_802.15.4/phy/source/MKW41Z/PhyTime.o
LOAD ./framework/XCVR/MKW41Z4/cfgs_kw4x_3x_2x/fsl_xcvr_ant_config.o
LOAD ./framework/XCVR/MKW41Z4/cfgs_kw4x_3x_2x/fsl_xcvr_ble_config.o
LOAD ./framework/XCVR/MKW41Z4/cfgs_kw4x_3x_2x/fsl_xcvr_common_config.o
LOAD ./framework/XCVR/MKW41Z4/cfgs_kw4x_3x_2x/fsl_xcvr_gfsk_bt_0p3_h_0p5_config.o
LOAD ./framework/XCVR/MKW41Z4/cfgs_kw4x_3x_2x/fsl_xcvr_gfsk_bt_0p5_h_0p32_config.o
LOAD ./framework/XCVR/MKW41Z4/cfgs_kw4x_3x_2x/fsl_xcvr_gfsk_bt_0p5_h_0p5_config.o
LOAD ./framework/XCVR/MKW41Z4/cfgs_kw4x_3x_2x/fsl_xcvr_gfsk_bt_0p5_h_0p7_config.o
LOAD ./framework/XCVR/MKW41Z4/cfgs_kw4x_3x_2x/fsl_xcvr_gfsk_bt_0p5_h_1p0_config.o
LOAD ./framework/XCVR/MKW41Z4/cfgs_kw4x_3x_2x/fsl_xcvr_gfsk_bt_0p7_h_0p5_config.o
LOAD ./framework/XCVR/MKW41Z4/cfgs_kw4x_3x_2x/fsl_xcvr_mode_datarate_config.o
LOAD ./framework/XCVR/MKW41Z4/cfgs_kw4x_3x_2x/fsl_xcvr_msk_config.o
LOAD ./framework/XCVR/MKW41Z4/cfgs_kw4x_3x_2x/fsl_xcvr_zgbe_config.o
LOAD ./framework/XCVR/MKW41Z4/dbg_ram_capture.o
LOAD ./framework/XCVR/MKW41Z4/fsl_xcvr.o
LOAD ./framework/XCVR/MKW41Z4/fsl_xcvr_trim.o
LOAD ./framework/XCVR/MKW41Z4/ifr_radio.o
LOAD ./framework/TimersManager/Source/TMR_Adapter.o
LOAD ./framework/TimersManager/Source/TimersManager.o
LOAD ./framework/SerialManager/Source/UART_Adapter/UART_Adapter.o
LOAD ./framework/SerialManager/Source/SPI_Adapter/SPI_Adapter.o
LOAD ./framework/SerialManager/Source/I2C_Adapter/I2C_Adapter.o
LOAD ./framework/SerialManager/Source/SerialManager.o
LOAD ./framework/SecLib/SecLib.o
LOAD ./framework/Reset/Reset.o
LOAD ./framework/RNG/Source/RNG.o
LOAD ./framework/Panic/Source/Panic.o
LOAD ./framework/OSAbstraction/Source/fsl_os_abstraction_bm.o
LOAD ./framework/ModuleInfo/ModuleInfo.o
LOAD ./framework/Messaging/Source/Messaging.o
LOAD ./framework/MemManager/Source/MemManager.o
LOAD ./framework/MWSCoexistence/Source/MWS.o
LOAD ./framework/Lists/GenericList.o
LOAD ./framework/LED/Source/LED.o
LOAD ./framework/Keyboard/Source/Keyboard.o
LOAD ./framework/GPIO/GPIO_Adapter.o
LOAD ./framework/FunctionLib/FunctionLib.o
LOAD ./framework/Flash/Internal/Flash_Adapter.o
LOAD ./framework/DCDC/Source/DCDC.o
LOAD ./drivers/fsl_adc16.o
LOAD ./drivers/fsl_clock.o
LOAD ./drivers/fsl_common.o
LOAD ./drivers/fsl_dspi.o
LOAD ./drivers/fsl_flash.o
LOAD ./drivers/fsl_gpio.o
LOAD ./drivers/fsl_i2c.o
LOAD ./drivers/fsl_llwu.o
LOAD ./drivers/fsl_lptmr.o
LOAD ./drivers/fsl_lpuart.o
LOAD ./drivers/fsl_ltc.o
LOAD ./drivers/fsl_pmc.o
LOAD ./drivers/fsl_rtc.o
LOAD ./drivers/fsl_smc.o
LOAD ./drivers/fsl_tpm.o
LOAD ./drivers/fsl_trng.o
LOAD ./drivers/fsl_tsi_v4.o
LOAD ./board/board.o
LOAD ./board/clock_config.o
LOAD ./board/gpio_pins.o
LOAD ./board/pin_mux.o
LOAD ./CMSIS/system_MKW41Z4.o
LOAD /usr/local/mcuxpressoide-10.0.2_411/ide/tools/bin/../lib/gcc/arm-none-eabi/5.4.1/../../../../arm-none-eabi/lib/armv6-m/libm.a
LOAD /usr/local/mcuxpressoide-10.0.2_411/ide/tools/bin/../lib/gcc/arm-none-eabi/5.4.1/../../../../arm-none-eabi/lib/armv6-m/libc.a
LOAD /usr/local/mcuxpressoide-10.0.2_411/ide/tools/bin/../lib/gcc/arm-none-eabi/5.4.1/armv6-m/libgcc.a
LOAD /usr/local/mcuxpressoide-10.0.2_411/ide/tools/bin/../lib/gcc/arm-none-eabi/5.4.1/../../../../arm-none-eabi/lib/armv6-m/libnosys.a
LOAD /home/samuel9520/Documents/MCUXpresso_10.0.2_411/workspace/lab3_server/libs/lib_crypto_m0.a
START GROUP
LOAD /usr/local/mcuxpressoide-10.0.2_411/ide/tools/bin/../lib/gcc/arm-none-eabi/5.4.1/armv6-m/libgcc.a
LOAD /usr/local/mcuxpressoide-10.0.2_411/ide/tools/bin/../lib/gcc/arm-none-eabi/5.4.1/../../../../arm-none-eabi/lib/armv6-m/libc.a
END GROUP
LOAD /usr/local/mcuxpressoide-10.0.2_411/ide/tools/bin/../lib/gcc/arm-none-eabi/5.4.1/armv6-m/crtend.o
LOAD /usr/local/mcuxpressoide-10.0.2_411/ide/tools/bin/../lib/gcc/arm-none-eabi/5.4.1/armv6-m/crtn.o
                0x1fff8000                _RAM_START_ = 0x1fff8000
                0x20017fff                _RAM_END_ = 0x20017fff
                0x0007f800                FREESCALE_PROD_DATA_BASE_ADDR = 0x7f800
                0x000000c0                __RAM_VECTOR_TABLE_SIZE = 0xc0
                0x20017dea                __BOOT_STACK_ADDRESS = 0x20017dea
                0x1ffffffb                __dummy_start = 0x1ffffffb

.interrupts     0x00000000       0xc0
                0x00000000                __VECTOR_TABLE = .
                0x00000000                . = ALIGN (0x4)
 *(.isr_vector)
 .isr_vector    0x00000000       0xc0 ./startup/startup_MKW41Z4.o
                0x00000000                __isr_vector
                0x000000c0                . = ALIGN (0x4)

.freescale_prod_data
                0x0007f800        0x0
                0x0007f800                . = ALIGN (0x4)
 *(.FREESCALE_PROD_DATA)
                0x0007f800                . = ALIGN (0x4)

.flash_config   0x00000400       0x10
                0x00000400                . = ALIGN (0x4)
 *(.FlashConfig)
 .FlashConfig   0x00000400       0x10 ./startup/startup_MKW41Z4.o
                0x00000410                . = ALIGN (0x4)

.text           0x00000414    0x115f0
                0x00000414                . = ALIGN (0x4)
 *(.text)
 .text          0x00000414       0x60 /usr/local/mcuxpressoide-10.0.2_411/ide/tools/bin/../lib/gcc/arm-none-eabi/5.4.1/armv6-m/crtbegin.o
 .text          0x00000474       0x78 /usr/local/mcuxpressoide-10.0.2_411/ide/tools/bin/../lib/gcc/arm-none-eabi/5.4.1/../../../../arm-none-eabi/lib/armv6-m/crt0.o
                0x00000474                _mainCRTStartup
                0x00000474                _start
 .text          0x000004ec       0xc0 ./startup/startup_MKW41Z4.o
                0x000004ec                Reset_Handler
                0x00000534                LVD_LVW_DCDC_IRQHandler
                0x00000534                DMA0_DriverIRQHandler
                0x00000534                TPM0_IRQHandler
                0x00000534                Radio_1_IRQHandler
                0x00000534                LLWU_IRQHandler
                0x00000534                TSI0_IRQHandler
                0x00000534                ADC0_IRQHandler
                0x00000534                CMT_IRQHandler
                0x00000534                DefaultISR
                0x00000534                PORTB_PORTC_IRQHandler
                0x00000534                TPM2_IRQHandler
                0x00000534                RTC_IRQHandler
                0x00000534                DMA3_DriverIRQHandler
                0x00000534                RTC_Seconds_IRQHandler
                0x00000534                MCG_IRQHandler
                0x00000534                TRNG0_IRQHandler
                0x00000534                Reserved20_IRQHandler
                0x00000534                LTC0_IRQHandler
                0x00000534                PIT_IRQHandler
                0x00000534                DMA1_DriverIRQHandler
                0x00000534                DAC0_IRQHandler
                0x00000534                TPM1_IRQHandler
                0x00000534                PORTA_IRQHandler
                0x00000534                FTFA_IRQHandler
                0x00000534                LPTMR0_IRQHandler
                0x00000534                DMA2_DriverIRQHandler
                0x00000534                CMP0_IRQHandler
                0x00000534                Radio_0_IRQHandler
                0x0000053c                HardFault_Handler
                0x00000540                SVC_Handler
                0x00000544                PendSV_Handler
                0x00000548                SysTick_Handler
                0x0000054c                DMA0_IRQHandler
                0x00000550                DMA1_IRQHandler
                0x00000554                DMA2_IRQHandler
                0x00000558                DMA3_IRQHandler
                0x0000055c                I2C0_IRQHandler
                0x00000560                I2C1_IRQHandler
                0x00000564                SPI0_IRQHandler
                0x00000568                LPUART0_IRQHandler
                0x0000056c                SPI1_IRQHandler
 .text          0x000005ac      0x114 /usr/local/mcuxpressoide-10.0.2_411/ide/tools/bin/../lib/gcc/arm-none-eabi/5.4.1/armv6-m/libgcc.a(_udivsi3.o)
                0x000005ac                __udivsi3
                0x000005ac                __aeabi_uidiv
                0x000006b8                __aeabi_uidivmod
 .text          0x000006c0      0x1d4 /usr/local/mcuxpressoide-10.0.2_411/ide/tools/bin/../lib/gcc/arm-none-eabi/5.4.1/armv6-m/libgcc.a(_divsi3.o)
                0x000006c0                __aeabi_idiv
                0x000006c0                __divsi3
                0x0000088c                __aeabi_idivmod
 .text          0x00000894        0x4 /usr/local/mcuxpressoide-10.0.2_411/ide/tools/bin/../lib/gcc/arm-none-eabi/5.4.1/armv6-m/libgcc.a(_dvmd_tls.o)
                0x00000894                __aeabi_ldiv0
                0x00000894                __aeabi_idiv0
 .text          0x00000898       0x74 /usr/local/mcuxpressoide-10.0.2_411/ide/tools/bin/../lib/gcc/arm-none-eabi/5.4.1/armv6-m/libgcc.a(_arm_cmpsf2.o)
                0x00000898                __aeabi_cfrcmple
                0x000008a0                __aeabi_cfcmple
                0x000008a0                __aeabi_cfcmpeq
                0x000008b0                __aeabi_fcmpeq
                0x000008bc                __aeabi_fcmplt
                0x000008d0                __aeabi_fcmple
                0x000008e4                __aeabi_fcmpgt
                0x000008f8                __aeabi_fcmpge
 .text          0x0000090c       0x40 /usr/local/mcuxpressoide-10.0.2_411/ide/tools/bin/../lib/gcc/arm-none-eabi/5.4.1/armv6-m/libgcc.a(_aeabi_uldivmod.o)
                0x0000090c                __aeabi_uldivmod
 .text          0x0000094c       0x58 /usr/local/mcuxpressoide-10.0.2_411/ide/tools/bin/../lib/gcc/arm-none-eabi/5.4.1/armv6-m/libgcc.a(_muldi3.o)
                0x0000094c                __aeabi_lmul
                0x0000094c                __muldi3
 .text          0x000009a4       0x30 /usr/local/mcuxpressoide-10.0.2_411/ide/tools/bin/../lib/gcc/arm-none-eabi/5.4.1/armv6-m/libgcc.a(_fixunssfsi.o)
                0x000009a4                __aeabi_f2uiz
                0x000009a4                __fixunssfsi
 .text          0x000009d4      0x180 /usr/local/mcuxpressoide-10.0.2_411/ide/tools/bin/../lib/gcc/arm-none-eabi/5.4.1/armv6-m/libgcc.a(_udivmoddi4.o)
                0x000009d4                __udivmoddi4
 .text          0x00000b54      0x2ec /usr/local/mcuxpressoide-10.0.2_411/ide/tools/bin/../lib/gcc/arm-none-eabi/5.4.1/armv6-m/libgcc.a(addsf3.o)
                0x00000b54                __aeabi_fadd
 .text          0x00000e40      0x234 /usr/local/mcuxpressoide-10.0.2_411/ide/tools/bin/../lib/gcc/arm-none-eabi/5.4.1/armv6-m/libgcc.a(divsf3.o)
                0x00000e40                __aeabi_fdiv
 .text          0x00001074       0x50 /usr/local/mcuxpressoide-10.0.2_411/ide/tools/bin/../lib/gcc/arm-none-eabi/5.4.1/armv6-m/libgcc.a(eqsf2.o)
                0x00001074                __nesf2
                0x00001074                __eqsf2
 .text          0x000010c4       0x88 /usr/local/mcuxpressoide-10.0.2_411/ide/tools/bin/../lib/gcc/arm-none-eabi/5.4.1/armv6-m/libgcc.a(gesf2.o)
                0x000010c4                __gtsf2
                0x000010c4                __gesf2
 .text          0x0000114c       0x88 /usr/local/mcuxpressoide-10.0.2_411/ide/tools/bin/../lib/gcc/arm-none-eabi/5.4.1/armv6-m/libgcc.a(lesf2.o)
                0x0000114c                __lesf2
                0x0000114c                __ltsf2
 .text          0x000011d4      0x228 /usr/local/mcuxpressoide-10.0.2_411/ide/tools/bin/../lib/gcc/arm-none-eabi/5.4.1/armv6-m/libgcc.a(mulsf3.o)
                0x000011d4                __aeabi_fmul
 .text          0x000013fc      0x30c /usr/local/mcuxpressoide-10.0.2_411/ide/tools/bin/../lib/gcc/arm-none-eabi/5.4.1/armv6-m/libgcc.a(subsf3.o)
                0x000013fc                __aeabi_fsub
 .text          0x00001708       0x44 /usr/local/mcuxpressoide-10.0.2_411/ide/tools/bin/../lib/gcc/arm-none-eabi/5.4.1/armv6-m/libgcc.a(fixsfsi.o)
                0x00001708                __aeabi_f2iz
 .text          0x0000174c       0x90 /usr/local/mcuxpressoide-10.0.2_411/ide/tools/bin/../lib/gcc/arm-none-eabi/5.4.1/armv6-m/libgcc.a(floatsisf.o)
                0x0000174c                __aeabi_i2f
 .text          0x000017dc       0x7c /usr/local/mcuxpressoide-10.0.2_411/ide/tools/bin/../lib/gcc/arm-none-eabi/5.4.1/armv6-m/libgcc.a(floatunsisf.o)
                0x000017dc                __aeabi_ui2f
 .text          0x00001858       0x3c /usr/local/mcuxpressoide-10.0.2_411/ide/tools/bin/../lib/gcc/arm-none-eabi/5.4.1/armv6-m/libgcc.a(_clzsi2.o)
                0x00001858                __clzsi2
 .text          0x00001894       0x18 /usr/local/mcuxpressoide-10.0.2_411/ide/tools/bin/../lib/gcc/arm-none-eabi/5.4.1/armv6-m/libgcc.a(_clzdi2.o)
                0x00001894                __clzdi2
 .text          0x000018ac       0x38 /home/samuel9520/Documents/MCUXpresso_10.0.2_411/workspace/lab3_server/libs/lib_crypto_m0.a(SW_RNG.o)
                0x000018ac                SecLib_set_rng_seed
                0x000018bc                SecLib_get_random
 *(.text*)
 .text.SLIP_Init
                0x000018e4       0x40 ./source/SLIP.o
                0x000018e4                SLIP_Init
 .text.SLIP_sendPacket
                0x00001924       0x48 ./source/SLIP.o
                0x00001924                SLIP_sendPacket
 .text.SLIP_readPacket
                0x0000196c      0x1c0 ./source/SLIP.o
                0x0000196c                SLIP_readPacket
 .text.init_len_info
                0x00001b2c       0x84 ./source/TCP_IP.o
                0x00001b2c                init_len_info
 .text.fill_ip_hdr_checksum
                0x00001bb0       0x6c ./source/TCP_IP.o
                0x00001bb0                fill_ip_hdr_checksum
 .text.checksum
                0x00001c1c       0xa4 ./source/TCP_IP.o
                0x00001c1c                checksum
 .text.make_ip  0x00001cc0       0x78 ./source/TCP_IP.o
                0x00001cc0                make_ip
 .text.get_tcp_data_pointer
                0x00001d38       0x2c ./source/TCP_IP.o
                0x00001d38                get_tcp_data_pointer
 .text.make_tcphead
                0x00001d64      0x1ac ./source/TCP_IP.o
                0x00001d64                make_tcphead
 .text.make_tcp_synack_from_syn
                0x00001f10       0x7c ./source/TCP_IP.o
                0x00001f10                make_tcp_synack_from_syn
 .text.make_tcp_ack_from_any
                0x00001f8c       0xb8 ./source/TCP_IP.o
                0x00001f8c                make_tcp_ack_from_any
 .text.fill_tcp_data_p
                0x00002044       0x54 ./source/TCP_IP.o
                0x00002044                fill_tcp_data_p
 .text.make_tcp_ack_with_data
                0x00002098       0xb4 ./source/TCP_IP.o
                0x00002098                make_tcp_ack_with_data
 .text.GPIO_WritePinOutput
                0x0000214c       0x34 ./source/lab3_server.o
 .text.GPIO_SetPinsOutput
                0x00002180       0x18 ./source/lab3_server.o
 .text.GPIO_ClearPinsOutput
                0x00002198       0x18 ./source/lab3_server.o
 .text.InitProject
                0x000021b0       0x70 ./source/lab3_server.o
                0x000021b0                InitProject
 .text.smacToAppMlmeSap
                0x00002220       0x5c ./source/lab3_server.o
                0x00002220                smacToAppMlmeSap
 .text.smacToAppMcpsSap
                0x0000227c       0x7c ./source/lab3_server.o
                0x0000227c                smacToAppMcpsSap
 .text.main_task
                0x000022f8      0x3f8 ./source/lab3_server.o
                0x000022f8                main_task
 .text.InitApp  0x000026f0       0x90 ./source/lab3_server.o
                0x000026f0                InitApp
 .text.sendRadioPacket
                0x00002780      0x10c ./source/lab3_server.o
                0x00002780                sendRadioPacket
 .text.analyse_get_url
                0x0000288c       0xc4 ./source/lab3_server.o
                0x0000288c                analyse_get_url
 .text.moved_perm
                0x00002950       0xa0 ./source/lab3_server.o
                0x00002950                moved_perm
 .text.print_webpage
                0x000029f0      0x2b4 ./source/lab3_server.o
                0x000029f0                print_webpage
 .text.MCPSDataRequest
                0x00002ca4      0x32c ./ieee_802.15.4/smac/source/SMAC.o
                0x00002ca4                MCPSDataRequest
 .text.MLMESetActivePan
                0x00002fd0       0x58 ./ieee_802.15.4/smac/source/SMAC.o
                0x00002fd0                MLMESetActivePan
 .text.MLMESetChannelRequest
                0x00003028       0xa8 ./ieee_802.15.4/smac/source/SMAC.o
                0x00003028                MLMESetChannelRequest
 .text.MLMEGetChannelRequest
                0x000030d0       0x50 ./ieee_802.15.4/smac/source/SMAC.o
                0x000030d0                MLMEGetChannelRequest
 .text.MLMERXDisableRequest
                0x00003120      0x11c ./ieee_802.15.4/smac/source/SMAC.o
                0x00003120                MLMERXDisableRequest
 .text.MLMEPAOutputAdjust
                0x0000323c       0xa8 ./ieee_802.15.4/smac/source/SMAC.o
                0x0000323c                MLMEPAOutputAdjust
 .text.PD_SMAC_SapHandler
                0x000032e4      0x2f0 ./ieee_802.15.4/smac/source/SMAC.o
                0x000032e4                PD_SMAC_SapHandler
 .text.PLME_SMAC_SapHandler
                0x000035d4      0x414 ./ieee_802.15.4/smac/source/SMAC.o
                0x000035d4                PLME_SMAC_SapHandler
 .text.Smac_RegisterSapHandlers
                0x000039e8       0x38 ./ieee_802.15.4/smac/source/SMAC.o
                0x000039e8                Smac_RegisterSapHandlers
 .text.SMACFillHeader
                0x00003a20       0xe4 ./ieee_802.15.4/smac/source/SMAC.o
                0x00003a20                SMACFillHeader
 .text.InitSmac
                0x00003b04      0x184 ./ieee_802.15.4/smac/source/SMAC.o
                0x00003b04                InitSmac
 .text.SMACSetShortSrcAddress
                0x00003c88       0xa8 ./ieee_802.15.4/smac/source/SMAC.o
                0x00003c88                SMACSetShortSrcAddress
 .text.SMACSetPanID
                0x00003d30       0xa8 ./ieee_802.15.4/smac/source/SMAC.o
                0x00003d30                SMACSetPanID
 .text.BackoffTimeElapsed
                0x00003dd8       0x7c ./ieee_802.15.4/smac/source/SMAC.o
 .text.SMACPacketCheck
                0x00003e54       0x60 ./ieee_802.15.4/smac/source/SMAC.o
 .text.SMAC_SetIVKey
                0x00003eb4       0x58 ./ieee_802.15.4/smac/source/SMAC.o
                0x00003eb4                SMAC_SetIVKey
 .text.SMAC_Encrypt
                0x00003f0c       0x60 ./ieee_802.15.4/smac/source/SMAC.o
 .text.SMAC_Decrypt
                0x00003f6c       0x60 ./ieee_802.15.4/smac/source/SMAC.o
 .text.NVIC_EnableIRQ
                0x00003fcc       0x2c ./ieee_802.15.4/phy/source/MKW41Z/PhyISR.o
 .text.NVIC_ClearPendingIRQ
                0x00003ff8       0x30 ./ieee_802.15.4/phy/source/MKW41Z/PhyISR.o
 .text.NVIC_SetPriority
                0x00004028       0xdc ./ieee_802.15.4/phy/source/MKW41Z/PhyISR.o
 .text.ProtectFromXcvrInterrupt
                0x00004104       0x3c ./ieee_802.15.4/phy/source/MKW41Z/PhyISR.o
                0x00004104                ProtectFromXcvrInterrupt
 .text.UnprotectFromXcvrInterrupt
                0x00004140       0x44 ./ieee_802.15.4/phy/source/MKW41Z/PhyISR.o
                0x00004140                UnprotectFromXcvrInterrupt
 .text.PhyIsrPassRxParams
                0x00004184       0x1c ./ieee_802.15.4/phy/source/MKW41Z/PhyISR.o
                0x00004184                PhyIsrPassRxParams
 .text.PhyIsrSeqCleanup
                0x000041a0       0x5c ./ieee_802.15.4/phy/source/MKW41Z/PhyISR.o
 .text.PhyIsrTimeoutCleanup
                0x000041fc       0x60 ./ieee_802.15.4/phy/source/MKW41Z/PhyISR.o
 .text.Phy_GetEnergyLevel
                0x0000425c       0x58 ./ieee_802.15.4/phy/source/MKW41Z/PhyISR.o
                0x0000425c                Phy_GetEnergyLevel
 .text.PhyGetLastRxRssiValue
                0x000042b4       0x44 ./ieee_802.15.4/phy/source/MKW41Z/PhyISR.o
                0x000042b4                PhyGetLastRxRssiValue
 .text.PHY_InterruptHandler
                0x000042f8      0x340 ./ieee_802.15.4/phy/source/MKW41Z/PhyISR.o
                0x000042f8                PHY_InterruptHandler
 .text.PHY_InstallIsr
                0x00004638       0x30 ./ieee_802.15.4/phy/source/MKW41Z/PhyISR.o
                0x00004638                PHY_InstallIsr
 .text.Phy_GetRxParams
                0x00004668       0x74 ./ieee_802.15.4/phy/source/MKW41Z/PhyISR.o
 .text.Phy_LqiConvert
                0x000046dc       0x48 ./ieee_802.15.4/phy/source/MKW41Z/PhyISR.o
 .text.PhyHwInit
                0x00004724      0x14c ./ieee_802.15.4/phy/source/MKW41Z/PhyPacketProcessor.o
                0x00004724                PhyHwInit
 .text.PhyAbort
                0x00004870       0xac ./ieee_802.15.4/phy/source/MKW41Z/PhyPacketProcessor.o
                0x00004870                PhyAbort
 .text.PhyPpGetState
                0x0000491c       0x1c ./ieee_802.15.4/phy/source/MKW41Z/PhyPacketProcessor.o
                0x0000491c                PhyPpGetState
 .text.PhyPpSetPanId
                0x00004938       0x6c ./ieee_802.15.4/phy/source/MKW41Z/PhyPacketProcessor.o
                0x00004938                PhyPpSetPanId
 .text.PhyPpSetShortAddr
                0x000049a4       0x70 ./ieee_802.15.4/phy/source/MKW41Z/PhyPacketProcessor.o
                0x000049a4                PhyPpSetShortAddr
 .text.PhyPpSetLongAddr
                0x00004a14       0x60 ./ieee_802.15.4/phy/source/MKW41Z/PhyPacketProcessor.o
                0x00004a14                PhyPpSetLongAddr
 .text.PhyPpSetMacRole
                0x00004a74       0x90 ./ieee_802.15.4/phy/source/MKW41Z/PhyPacketProcessor.o
                0x00004a74                PhyPpSetMacRole
 .text.PhyPpSetPromiscuous
                0x00004b04       0x70 ./ieee_802.15.4/phy/source/MKW41Z/PhyPacketProcessor.o
                0x00004b04                PhyPpSetPromiscuous
 .text.PhyPp_IndirectQueueInsert
                0x00004b74       0x74 ./ieee_802.15.4/phy/source/MKW41Z/PhyPacketProcessor.o
                0x00004b74                PhyPp_IndirectQueueInsert
 .text.PhyPp_RemoveFromIndirect
                0x00004be8       0x64 ./ieee_802.15.4/phy/source/MKW41Z/PhyPacketProcessor.o
                0x00004be8                PhyPp_RemoveFromIndirect
 .text.PhyPpIsTxAckDataPending
                0x00004c4c       0x4c ./ieee_802.15.4/phy/source/MKW41Z/PhyPacketProcessor.o
                0x00004c4c                PhyPpIsTxAckDataPending
 .text.PhyPlmeSetPwrState
                0x00004c98      0x128 ./ieee_802.15.4/phy/source/MKW41Z/PhyPacketProcessor.o
                0x00004c98                PhyPlmeSetPwrState
 .text.PhyPdDataRequest
                0x00004dc0      0x194 ./ieee_802.15.4/phy/source/MKW41Z/PhyPlmeData.o
                0x00004dc0                PhyPdDataRequest
 .text.PhyPlmeRxRequest
                0x00004f54      0x170 ./ieee_802.15.4/phy/source/MKW41Z/PhyPlmeData.o
                0x00004f54                PhyPlmeRxRequest
 .text.PhyPlmeCcaEdRequest
                0x000050c4      0x11c ./ieee_802.15.4/phy/source/MKW41Z/PhyPlmeData.o
                0x000050c4                PhyPlmeCcaEdRequest
 .text.PhyPlmeSetCurrentChannelRequest
                0x000051e0       0x8c ./ieee_802.15.4/phy/source/MKW41Z/PhyPlmeData.o
                0x000051e0                PhyPlmeSetCurrentChannelRequest
 .text.PhyPlmeGetCurrentChannelRequest
                0x0000526c       0x3c ./ieee_802.15.4/phy/source/MKW41Z/PhyPlmeData.o
                0x0000526c                PhyPlmeGetCurrentChannelRequest
 .text.PhyPlmeSetPwrLevelRequest
                0x000052a8       0x7c ./ieee_802.15.4/phy/source/MKW41Z/PhyPlmeData.o
                0x000052a8                PhyPlmeSetPwrLevelRequest
 .text.PhyPlmeGetPwrLevelRequest
                0x00005324       0x34 ./ieee_802.15.4/phy/source/MKW41Z/PhyPlmeData.o
                0x00005324                PhyPlmeGetPwrLevelRequest
 .text.PhyPlmeSetPIBRequest
                0x00005358      0x1c8 ./ieee_802.15.4/phy/source/MKW41Z/PhyPlmeData.o
                0x00005358                PhyPlmeSetPIBRequest
 .text.PhyPlmeGetPIBRequest
                0x00005520      0x3c4 ./ieee_802.15.4/phy/source/MKW41Z/PhyPlmeData.o
                0x00005520                PhyPlmeGetPIBRequest
 .text.PhyRxRetry
                0x000058e4       0x74 ./ieee_802.15.4/phy/source/MKW41Z/PhyPlmeData.o
 .text.Phy_Init
                0x00005958       0x40 ./ieee_802.15.4/phy/source/MKW41Z/PhyStateMachine.o
                0x00005958                Phy_Init
 .text.Phy_RegisterSapHandlers
                0x00005998       0x24 ./ieee_802.15.4/phy/source/MKW41Z/PhyStateMachine.o
                0x00005998                Phy_RegisterSapHandlers
 .text.Phy24Task
                0x000059bc      0x174 ./ieee_802.15.4/phy/source/MKW41Z/PhyStateMachine.o
 .text.MAC_PD_SapHandler
                0x00005b30       0xb8 ./ieee_802.15.4/phy/source/MKW41Z/PhyStateMachine.o
                0x00005b30                MAC_PD_SapHandler
 .text.MAC_PLME_SapHandler
                0x00005be8      0x1a4 ./ieee_802.15.4/phy/source/MKW41Z/PhyStateMachine.o
                0x00005be8                MAC_PLME_SapHandler
 .text.Phy_HandlePdDataReq
                0x00005d8c      0x180 ./ieee_802.15.4/phy/source/MKW41Z/PhyStateMachine.o
 .text.Phy_SetSequenceTiming
                0x00005f0c       0xa4 ./ieee_802.15.4/phy/source/MKW41Z/PhyStateMachine.o
                0x00005f0c                Phy_SetSequenceTiming
 .text.Phy_EnterIdle
                0x00005fb0       0x8c ./ieee_802.15.4/phy/source/MKW41Z/PhyStateMachine.o
 .text.PhyPlmeSetFrameWaitTime
                0x0000603c       0x1c ./ieee_802.15.4/phy/source/MKW41Z/PhyStateMachine.o
                0x0000603c                PhyPlmeSetFrameWaitTime
 .text.PhyPlmeSetRxOnWhenIdle
                0x00006058       0x88 ./ieee_802.15.4/phy/source/MKW41Z/PhyStateMachine.o
                0x00006058                PhyPlmeSetRxOnWhenIdle
 .text.PhyIsIdleRx
                0x000060e0       0x50 ./ieee_802.15.4/phy/source/MKW41Z/PhyStateMachine.o
                0x000060e0                PhyIsIdleRx
 .text.Radio_Phy_PdDataConfirm
                0x00006130       0x98 ./ieee_802.15.4/phy/source/MKW41Z/PhyStateMachine.o
                0x00006130                Radio_Phy_PdDataConfirm
 .text.Radio_Phy_PdDataIndication
                0x000061c8       0x24 ./ieee_802.15.4/phy/source/MKW41Z/PhyStateMachine.o
                0x000061c8                Radio_Phy_PdDataIndication
 .text.Radio_Phy_TimeWaitTimeoutIndication
                0x000061ec       0x14 ./ieee_802.15.4/phy/source/MKW41Z/PhyStateMachine.o
                0x000061ec                Radio_Phy_TimeWaitTimeoutIndication
 .text.Radio_Phy_PlmeCcaConfirm
                0x00006200       0x34 ./ieee_802.15.4/phy/source/MKW41Z/PhyStateMachine.o
                0x00006200                Radio_Phy_PlmeCcaConfirm
 .text.Radio_Phy_PlmeEdConfirm
                0x00006234       0x34 ./ieee_802.15.4/phy/source/MKW41Z/PhyStateMachine.o
                0x00006234                Radio_Phy_PlmeEdConfirm
 .text.Radio_Phy_TimeRxTimeoutIndication
                0x00006268       0x30 ./ieee_802.15.4/phy/source/MKW41Z/PhyStateMachine.o
                0x00006268                Radio_Phy_TimeRxTimeoutIndication
 .text.Radio_Phy_TimeStartEventIndication
                0x00006298       0x10 ./ieee_802.15.4/phy/source/MKW41Z/PhyStateMachine.o
                0x00006298                Radio_Phy_TimeStartEventIndication
 .text.Radio_Phy_PlmeRxWatermark
                0x000062a8       0xb8 ./ieee_802.15.4/phy/source/MKW41Z/PhyStateMachine.o
                0x000062a8                Radio_Phy_PlmeRxWatermark
 .text.Radio_Phy_PlmeSyncLossIndication
                0x00006360       0x1c ./ieee_802.15.4/phy/source/MKW41Z/PhyStateMachine.o
                0x00006360                Radio_Phy_PlmeSyncLossIndication
 .text.Radio_Phy_PlmeFilterFailRx
                0x0000637c       0x10 ./ieee_802.15.4/phy/source/MKW41Z/PhyStateMachine.o
                0x0000637c                Radio_Phy_PlmeFilterFailRx
 .text.PLME_SendMessage
                0x0000638c       0xcc ./ieee_802.15.4/phy/source/MKW41Z/PhyStateMachine.o
 .text.PD_SendMessage
                0x00006458      0x1d4 ./ieee_802.15.4/phy/source/MKW41Z/PhyStateMachine.o
 .text.Phy_SendLatePLME
                0x0000662c       0x24 ./ieee_802.15.4/phy/source/MKW41Z/PhyStateMachine.o
 .text.Phy_SendLatePD
                0x00006650       0x24 ./ieee_802.15.4/phy/source/MKW41Z/PhyStateMachine.o
 .text.Radio_Phy_Notify
                0x00006674       0x18 ./ieee_802.15.4/phy/source/MKW41Z/PhyStateMachine.o
                0x00006674                Radio_Phy_Notify
 .text.PhyTimeSetEventTrigger
                0x0000668c       0x68 ./ieee_802.15.4/phy/source/MKW41Z/PhyTime.o
                0x0000668c                PhyTimeSetEventTrigger
 .text.PhyTimeDisableEventTrigger
                0x000066f4       0x5c ./ieee_802.15.4/phy/source/MKW41Z/PhyTime.o
                0x000066f4                PhyTimeDisableEventTrigger
 .text.PhyTimeSetEventTimeout
                0x00006750       0x74 ./ieee_802.15.4/phy/source/MKW41Z/PhyTime.o
                0x00006750                PhyTimeSetEventTimeout
 .text.PhyTimeGetEventTimeout
                0x000067c4       0x20 ./ieee_802.15.4/phy/source/MKW41Z/PhyTime.o
                0x000067c4                PhyTimeGetEventTimeout
 .text.PhyTimeDisableEventTimeout
                0x000067e4       0x60 ./ieee_802.15.4/phy/source/MKW41Z/PhyTime.o
                0x000067e4                PhyTimeDisableEventTimeout
 .text.PhyTimeReadClock
                0x00006844       0x28 ./ieee_802.15.4/phy/source/MKW41Z/PhyTime.o
                0x00006844                PhyTimeReadClock
 .text.PhyTimeSetWaitTimeout
                0x0000686c       0x68 ./ieee_802.15.4/phy/source/MKW41Z/PhyTime.o
                0x0000686c                PhyTimeSetWaitTimeout
 .text.PhyTimeDisableWaitTimeout
                0x000068d4       0x50 ./ieee_802.15.4/phy/source/MKW41Z/PhyTime.o
                0x000068d4                PhyTimeDisableWaitTimeout
 .text.PhyTime_ISR
                0x00006924       0x54 ./ieee_802.15.4/phy/source/MKW41Z/PhyTime.o
                0x00006924                PhyTime_ISR
 .text.PhyTime_TimerInit
                0x00006978       0x90 ./ieee_802.15.4/phy/source/MKW41Z/PhyTime.o
                0x00006978                PhyTime_TimerInit
 .text.PhyTime_GetTimestamp
                0x00006a08       0x80 ./ieee_802.15.4/phy/source/MKW41Z/PhyTime.o
                0x00006a08                PhyTime_GetTimestamp
 .text.PhyTime_ScheduleEvent
                0x00006a88       0xec ./ieee_802.15.4/phy/source/MKW41Z/PhyTime.o
                0x00006a88                PhyTime_ScheduleEvent
 .text.PhyTime_RunCallback
                0x00006b74       0x64 ./ieee_802.15.4/phy/source/MKW41Z/PhyTime.o
                0x00006b74                PhyTime_RunCallback
 .text.PhyTime_Maintenance
                0x00006bd8       0x74 ./ieee_802.15.4/phy/source/MKW41Z/PhyTime.o
                0x00006bd8                PhyTime_Maintenance
 .text.PhyTime_OverflowCB
                0x00006c4c       0x50 ./ieee_802.15.4/phy/source/MKW41Z/PhyTime.o
 .text.PhyTime_GetNextEvent
                0x00006c9c       0x74 ./ieee_802.15.4/phy/source/MKW41Z/PhyTime.o
 .text.XCVR_Init
                0x00006d10      0x134 ./framework/XCVR/MKW41Z4/fsl_xcvr.o
                0x00006d10                XCVR_Init
 .text.XCVR_GetDefaultConfig
                0x00006e44      0x170 ./framework/XCVR/MKW41Z4/fsl_xcvr.o
                0x00006e44                XCVR_GetDefaultConfig
 .text.XCVR_Configure
                0x00006fb4      0x98c ./framework/XCVR/MKW41Z4/fsl_xcvr.o
                0x00006fb4                XCVR_Configure
 .text.XcvrPanic
                0x00007940       0x40 ./framework/XCVR/MKW41Z4/fsl_xcvr.o
                0x00007940                XcvrPanic
 .text.XCVR_SetXtalTrim
                0x00007980       0x68 ./framework/XCVR/MKW41Z4/fsl_xcvr.o
                0x00007980                XCVR_SetXtalTrim
 .text.XCVR_OverrideChannel
                0x000079e8      0x13c ./framework/XCVR/MKW41Z4/fsl_xcvr.o
                0x000079e8                XCVR_OverrideChannel
 .text.XCVR_ForceRxWu
                0x00007b24       0x1c ./framework/XCVR/MKW41Z4/fsl_xcvr.o
                0x00007b24                XCVR_ForceRxWu
 .text.XCVR_ForceRxWd
                0x00007b40       0x1c ./framework/XCVR/MKW41Z4/fsl_xcvr.o
                0x00007b40                XCVR_ForceRxWd
 .text.calc_dcoc_dac_step
                0x00007b5c       0x88 ./framework/XCVR/MKW41Z4/fsl_xcvr_trim.o
                0x00007b5c                calc_dcoc_dac_step
 .text.XcvrCalDelay
                0x00007be4       0x20 ./framework/XCVR/MKW41Z4/fsl_xcvr_trim.o
                0x00007be4                XcvrCalDelay
 .text.rx_dc_est_average
                0x00007c04      0x1a4 ./framework/XCVR/MKW41Z4/fsl_xcvr_trim.o
                0x00007c04                rx_dc_est_average
 .text.rx_bba_dcoc_dac_trim_DCest
                0x00007da8      0x7d8 ./framework/XCVR/MKW41Z4/fsl_xcvr_trim.o
                0x00007da8                rx_bba_dcoc_dac_trim_DCest
 .text.DCOC_DAC_INIT_Cal
                0x00008580      0x680 ./framework/XCVR/MKW41Z4/fsl_xcvr_trim.o
                0x00008580                DCOC_DAC_INIT_Cal
 .text.read_first_ifr_word
                0x00008c00       0x20 ./framework/XCVR/MKW41Z4/ifr_radio.o
                0x00008c00                read_first_ifr_word
 .text.read_another_ifr_word
                0x00008c20       0x2c ./framework/XCVR/MKW41Z4/ifr_radio.o
                0x00008c20                read_another_ifr_word
 .text.read_resource_ifr
                0x00008c4c       0xd0 ./framework/XCVR/MKW41Z4/ifr_radio.o
                0x00008c4c                read_resource_ifr
 .text.store_sw_trim
                0x00008d1c       0x9c ./framework/XCVR/MKW41Z4/ifr_radio.o
                0x00008d1c                store_sw_trim
 .text.handle_ifr
                0x00008db8      0x184 ./framework/XCVR/MKW41Z4/ifr_radio.o
                0x00008db8                handle_ifr
 .text.NVIC_EnableIRQ
                0x00008f3c       0x2c ./framework/TimersManager/Source/TMR_Adapter.o
 .text.NVIC_ClearPendingIRQ
                0x00008f68       0x30 ./framework/TimersManager/Source/TMR_Adapter.o
 .text.NVIC_SetPriority
                0x00008f98       0xdc ./framework/TimersManager/Source/TMR_Adapter.o
 .text.TPM_GetStatusFlags
                0x00009074       0x14 ./framework/TimersManager/Source/TMR_Adapter.o
 .text.TPM_ClearStatusFlags
                0x00009088       0x18 ./framework/TimersManager/Source/TMR_Adapter.o
 .text.TPM_StartTimer
                0x000090a0       0x3c ./framework/TimersManager/Source/TMR_Adapter.o
 .text.TPM_StopTimer
                0x000090dc       0x2c ./framework/TimersManager/Source/TMR_Adapter.o
 .text.StackTimer_Init
                0x00009108       0xa0 ./framework/TimersManager/Source/TMR_Adapter.o
                0x00009108                StackTimer_Init
 .text.StackTimer_Enable
                0x000091a8       0x1c ./framework/TimersManager/Source/TMR_Adapter.o
                0x000091a8                StackTimer_Enable
 .text.StackTimer_Disable
                0x000091c4       0x18 ./framework/TimersManager/Source/TMR_Adapter.o
                0x000091c4                StackTimer_Disable
 .text.StackTimer_GetInputFrequency
                0x000091dc       0x24 ./framework/TimersManager/Source/TMR_Adapter.o
                0x000091dc                StackTimer_GetInputFrequency
 .text.StackTimer_GetCounterValue
                0x00009200       0x14 ./framework/TimersManager/Source/TMR_Adapter.o
                0x00009200                StackTimer_GetCounterValue
 .text.StackTimer_SetOffsetTicks
                0x00009214       0x24 ./framework/TimersManager/Source/TMR_Adapter.o
                0x00009214                StackTimer_SetOffsetTicks
 .text.StackTimer_ClearIntFlag
                0x00009238       0x30 ./framework/TimersManager/Source/TMR_Adapter.o
                0x00009238                StackTimer_ClearIntFlag
 .text.TMR_GetTimerStatus
                0x00009268       0x28 ./framework/TimersManager/Source/TimersManager.o
 .text.TMR_SetTimerStatus
                0x00009290       0x44 ./framework/TimersManager/Source/TimersManager.o
 .text.TMR_GetTimerType
                0x000092d4       0x28 ./framework/TimersManager/Source/TimersManager.o
 .text.TMR_SetTimerType
                0x000092fc       0x44 ./framework/TimersManager/Source/TimersManager.o
 .text.TmrTicksFromMilliseconds
                0x00009340       0x4c ./framework/TimersManager/Source/TimersManager.o
                0x00009340                TmrTicksFromMilliseconds
 .text.TMR_Init
                0x0000938c       0x80 ./framework/TimersManager/Source/TimersManager.o
                0x0000938c                TMR_Init
 .text.TMR_NotifyClkChanged
                0x0000940c       0x44 ./framework/TimersManager/Source/TimersManager.o
                0x0000940c                TMR_NotifyClkChanged
 .text.TMR_AllocateTimer
                0x00009450       0x50 ./framework/TimersManager/Source/TimersManager.o
                0x00009450                TMR_AllocateTimer
 .text.StackTimer_ISR
                0x000094a0       0x24 ./framework/TimersManager/Source/TimersManager.o
 .text.TMR_StartTimer
                0x000094c4       0xf4 ./framework/TimersManager/Source/TimersManager.o
                0x000094c4                TMR_StartTimer
 .text.TMR_StartLowPowerTimer
                0x000095b8       0x44 ./framework/TimersManager/Source/TimersManager.o
                0x000095b8                TMR_StartLowPowerTimer
 .text.TMR_StartSingleShotTimer
                0x000095fc       0x34 ./framework/TimersManager/Source/TimersManager.o
                0x000095fc                TMR_StartSingleShotTimer
 .text.TMR_StopTimer
                0x00009630       0xec ./framework/TimersManager/Source/TimersManager.o
                0x00009630                TMR_StopTimer
 .text.TMR_Task
                0x0000971c      0x574 ./framework/TimersManager/Source/TimersManager.o
                0x0000971c                TMR_Task
 .text.TMR_EnableTimer
                0x00009c90       0x84 ./framework/TimersManager/Source/TimersManager.o
                0x00009c90                TMR_EnableTimer
 .text.SecLib_Init
                0x00009d14       0x18 ./framework/SecLib/SecLib.o
                0x00009d14                SecLib_Init
 .text.AES_128_CBC_Encrypt_And_Pad
                0x00009d2c       0x7c ./framework/SecLib/SecLib.o
                0x00009d2c                AES_128_CBC_Encrypt_And_Pad
 .text.AES_128_CBC_Decrypt_And_Depad
                0x00009da8       0x58 ./framework/SecLib/SecLib.o
                0x00009da8                AES_128_CBC_Decrypt_And_Depad
 .text.NVIC_EnableIRQ
                0x00009e00       0x2c ./framework/RNG/Source/RNG.o
 .text.EnableIRQ
                0x00009e2c       0x2c ./framework/RNG/Source/RNG.o
 .text.RNG_Init
                0x00009e58       0xe0 ./framework/RNG/Source/RNG.o
                0x00009e58                RNG_Init
 .text.RNG_GetRandomNo
                0x00009f38       0x2c ./framework/RNG/Source/RNG.o
                0x00009f38                RNG_GetRandomNo
 .text.TRNG_ISR
                0x00009f64       0x3c ./framework/RNG/Source/RNG.o
 .text.panic    0x00009fa0       0x18 ./framework/Panic/Source/Panic.o
                0x00009fa0                panic
 .text.__assertion_failed
                0x00009fb8       0x10 ./framework/Panic/Source/Panic.o
                0x00009fb8                __assertion_failed
 .text.OSA_EnableIRQGlobal
                0x00009fc8       0x2c ./framework/OSAbstraction/Source/fsl_os_abstraction_bm.o
                0x00009fc8                OSA_EnableIRQGlobal
 .text.OSA_DisableIRQGlobal
                0x00009ff4       0x1c ./framework/OSAbstraction/Source/fsl_os_abstraction_bm.o
                0x00009ff4                OSA_DisableIRQGlobal
 .text.OSA_TaskGetId
                0x0000a010       0x14 ./framework/OSAbstraction/Source/fsl_os_abstraction_bm.o
                0x0000a010                OSA_TaskGetId
 .text.task_init
                0x0000a024       0x64 ./framework/OSAbstraction/Source/fsl_os_abstraction_bm.o
                0x0000a024                task_init
 .text.OSA_TaskCreate
                0x0000a088      0x104 ./framework/OSAbstraction/Source/fsl_os_abstraction_bm.o
                0x0000a088                OSA_TaskCreate
 .text.OSA_TimeInit
                0x0000a18c        0xc ./framework/OSAbstraction/Source/fsl_os_abstraction_bm.o
                0x0000a18c                OSA_TimeInit
 .text.OSA_EventCreate
                0x0000a198       0x64 ./framework/OSAbstraction/Source/fsl_os_abstraction_bm.o
                0x0000a198                OSA_EventCreate
 .text.OSA_EventSet
                0x0000a1fc       0x54 ./framework/OSAbstraction/Source/fsl_os_abstraction_bm.o
                0x0000a1fc                OSA_EventSet
 .text.OSA_EventWait
                0x0000a250       0xc4 ./framework/OSAbstraction/Source/fsl_os_abstraction_bm.o
                0x0000a250                OSA_EventWait
 .text.OSA_InterruptEnable
                0x0000a314       0x10 ./framework/OSAbstraction/Source/fsl_os_abstraction_bm.o
                0x0000a314                OSA_InterruptEnable
 .text.OSA_InterruptDisable
                0x0000a324       0x10 ./framework/OSAbstraction/Source/fsl_os_abstraction_bm.o
                0x0000a324                OSA_InterruptDisable
 .text.OSA_InstallIntHandler
                0x0000a334       0x20 ./framework/OSAbstraction/Source/fsl_os_abstraction_bm.o
                0x0000a334                OSA_InstallIntHandler
 .text.main     0x0000a354       0x2c ./framework/OSAbstraction/Source/fsl_os_abstraction_bm.o
                0x0000a354                main
 .text.osObjectAlloc
                0x0000a380       0x4c ./framework/OSAbstraction/Source/fsl_os_abstraction_bm.o
 .text.osObjectIsAllocated
                0x0000a3cc       0x54 ./framework/OSAbstraction/Source/fsl_os_abstraction_bm.o
 .text.OSA_Init
                0x0000a420       0x10 ./framework/OSAbstraction/Source/fsl_os_abstraction_bm.o
                0x0000a420                OSA_Init
 .text.OSA_Start
                0x0000a430       0x50 ./framework/OSAbstraction/Source/fsl_os_abstraction_bm.o
                0x0000a430                OSA_Start
 .text.OSA_InsertTaskBefore
                0x0000a480       0x30 ./framework/OSAbstraction/Source/fsl_os_abstraction_bm.o
 .text.ListAddTailMsg
                0x0000a4b0       0x28 ./framework/Messaging/Source/Messaging.o
                0x0000a4b0                ListAddTailMsg
 .text.ListRemoveHeadMsg
                0x0000a4d8       0x2c ./framework/Messaging/Source/Messaging.o
                0x0000a4d8                ListRemoveHeadMsg
 .text.MEM_Init
                0x0000a504       0xc4 ./framework/MemManager/Source/MemManager.o
                0x0000a504                MEM_Init
 .text.MEM_BufferAllocWithId
                0x0000a5c8       0xb8 ./framework/MemManager/Source/MemManager.o
                0x0000a5c8                MEM_BufferAllocWithId
 .text.MEM_BufferFree
                0x0000a680       0xb0 ./framework/MemManager/Source/MemManager.o
                0x0000a680                MEM_BufferFree
 .text.ListInit
                0x0000a730       0x2c ./framework/Lists/GenericList.o
                0x0000a730                ListInit
 .text.ListAddTail
                0x0000a75c       0x78 ./framework/Lists/GenericList.o
                0x0000a75c                ListAddTail
 .text.ListRemoveHead
                0x0000a7d4       0x68 ./framework/Lists/GenericList.o
                0x0000a7d4                ListRemoveHead
 .text.PORT_SetPinMux
                0x0000a83c       0x40 ./framework/GPIO/GPIO_Adapter.o
 .text.GpioSetPinMux
                0x0000a87c       0x44 ./framework/GPIO/GPIO_Adapter.o
                0x0000a87c                GpioSetPinMux
 .text.FLib_MemCpy
                0x0000a8c0       0x38 ./framework/FunctionLib/FunctionLib.o
                0x0000a8c0                FLib_MemCpy
 .text.FLib_MemCmp
                0x0000a8f8       0x54 ./framework/FunctionLib/FunctionLib.o
                0x0000a8f8                FLib_MemCmp
 .text.FLib_MemSet
                0x0000a94c       0x38 ./framework/FunctionLib/FunctionLib.o
                0x0000a94c                FLib_MemSet
 .text.NV_VerifyCrcOverHWParameters
                0x0000a984       0x50 ./framework/Flash/Internal/Flash_Adapter.o
 .text.NV_ComputeCrcOverHWParameters
                0x0000a9d4       0xe0 ./framework/Flash/Internal/Flash_Adapter.o
 .text.NV_ReadHWParameters
                0x0000aab4       0x68 ./framework/Flash/Internal/Flash_Adapter.o
                0x0000aab4                NV_ReadHWParameters
 .text.CLOCK_EnableClock
                0x0000ab1c       0x38 ./framework/DCDC/Source/DCDC.o
 .text.ADC16_EnableHardwareTrigger
                0x0000ab54       0x3c ./framework/DCDC/Source/DCDC.o
 .text.ADC16_GetChannelConversionValue
                0x0000ab90       0x30 ./framework/DCDC/Source/DCDC.o
 .text.DCDC_MakeADCConversion
                0x0000abc0       0x44 ./framework/DCDC/Source/DCDC.o
 .text.DCDC_AdjustVbatDiv
                0x0000ac04       0x68 ./framework/DCDC/Source/DCDC.o
 .text.DCDC_Get1P8VOutputTargetAndVBatInmV
                0x0000ac6c       0xf0 ./framework/DCDC/Source/DCDC.o
 .text.DCDC_mVTo1P8OutputTargetBoost
                0x0000ad5c      0x168 ./framework/DCDC/Source/DCDC.o
 .text.DCDC_mVTo1P8OutputTargetBuck
                0x0000aec4       0xe4 ./framework/DCDC/Source/DCDC.o
 .text.DCDC_mVToMcuVOutputTargetBoost
                0x0000afa8       0x8c ./framework/DCDC/Source/DCDC.o
                0x0000afa8                DCDC_mVToMcuVOutputTargetBoost
 .text.DCDC_GetOutputTargetsBoost
                0x0000b034       0xd4 ./framework/DCDC/Source/DCDC.o
 .text.DCDC_GetOutputTargetsBuck
                0x0000b108       0x90 ./framework/DCDC/Source/DCDC.o
 .text.DCDC_VBatMonitorBoost
                0x0000b198      0x1c0 ./framework/DCDC/Source/DCDC.o
 .text.DCDC_VBatMonitorBuck
                0x0000b358      0x1c4 ./framework/DCDC/Source/DCDC.o
 .text.DCDC_Init
                0x0000b51c      0x220 ./framework/DCDC/Source/DCDC.o
                0x0000b51c                DCDC_Init
 .text.CLOCK_EnableClock
                0x0000b73c       0x38 ./drivers/fsl_adc16.o
 .text.ADC16_GetInstance
                0x0000b774       0x48 ./drivers/fsl_adc16.o
 .text.ADC16_Init
                0x0000b7bc      0x114 ./drivers/fsl_adc16.o
                0x0000b7bc                ADC16_Init
 .text.ADC16_DoAutoCalibration
                0x0000b8d0      0x11c ./drivers/fsl_adc16.o
                0x0000b8d0                ADC16_DoAutoCalibration
 .text.ADC16_SetChannelMuxMode
                0x0000b9ec       0x3c ./drivers/fsl_adc16.o
                0x0000b9ec                ADC16_SetChannelMuxMode
 .text.ADC16_SetHardwareCompareConfig
                0x0000ba28       0x8c ./drivers/fsl_adc16.o
                0x0000ba28                ADC16_SetHardwareCompareConfig
 .text.ADC16_SetHardwareAverage
                0x0000bab4       0x40 ./drivers/fsl_adc16.o
                0x0000bab4                ADC16_SetHardwareAverage
 .text.ADC16_GetStatusFlags
                0x0000baf4       0x3c ./drivers/fsl_adc16.o
                0x0000baf4                ADC16_GetStatusFlags
 .text.ADC16_SetChannelConfig
                0x0000bb30       0x6c ./drivers/fsl_adc16.o
                0x0000bb30                ADC16_SetChannelConfig
 .text.ADC16_GetChannelStatusFlags
                0x0000bb9c       0x40 ./drivers/fsl_adc16.o
                0x0000bb9c                ADC16_GetChannelStatusFlags
 .text.CLOCK_SetEr32kClock
                0x0000bbdc       0x30 ./drivers/fsl_clock.o
 .text.CLOCK_GetMcgExtClkFreq
                0x0000bc0c       0x70 ./drivers/fsl_clock.o
 .text.CLOCK_GetFllExtRefClkFreq
                0x0000bc7c       0xb8 ./drivers/fsl_clock.o
 .text.CLOCK_GetInternalRefClkSelectFreq
                0x0000bd34       0x40 ./drivers/fsl_clock.o
 .text.CLOCK_GetFllRefClkFreq
                0x0000bd74       0x30 ./drivers/fsl_clock.o
 .text.CLOCK_GetOscRangeFromFreq
                0x0000bda4       0x4c ./drivers/fsl_clock.o
 .text.CLOCK_GetEr32kClkFreq
                0x0000bdf0       0x5c ./drivers/fsl_clock.o
                0x0000bdf0                CLOCK_GetEr32kClkFreq
 .text.CLOCK_GetOsc0ErClkFreq
                0x0000be4c       0x28 ./drivers/fsl_clock.o
                0x0000be4c                CLOCK_GetOsc0ErClkFreq
 .text.CLOCK_GetFreq
                0x0000be74       0xd8 ./drivers/fsl_clock.o
                0x0000be74                CLOCK_GetFreq
 .text.CLOCK_SetSimConfig
                0x0000bf4c       0x2c ./drivers/fsl_clock.o
                0x0000bf4c                CLOCK_SetSimConfig
 .text.CLOCK_GetOutClkFreq
                0x0000bf78       0x58 ./drivers/fsl_clock.o
                0x0000bf78                CLOCK_GetOutClkFreq
 .text.CLOCK_GetFllFreq
                0x0000bfd0       0x78 ./drivers/fsl_clock.o
                0x0000bfd0                CLOCK_GetFllFreq
 .text.CLOCK_GetInternalRefClkFreq
                0x0000c048       0x28 ./drivers/fsl_clock.o
                0x0000c048                CLOCK_GetInternalRefClkFreq
 .text.CLOCK_SetExternalRefClkConfig
                0x0000c070       0x80 ./drivers/fsl_clock.o
                0x0000c070                CLOCK_SetExternalRefClkConfig
 .text.CLOCK_SetInternalRefClkConfig
                0x0000c0f0      0x12c ./drivers/fsl_clock.o
                0x0000c0f0                CLOCK_SetInternalRefClkConfig
 .text.CLOCK_InitOsc0
                0x0000c21c       0x6c ./drivers/fsl_clock.o
                0x0000c21c                CLOCK_InitOsc0
 .text.CLOCK_SetFeeMode
                0x0000c288      0x144 ./drivers/fsl_clock.o
                0x0000c288                CLOCK_SetFeeMode
 .text.CLOCK_BootToFeeMode
                0x0000c3cc       0x50 ./drivers/fsl_clock.o
                0x0000c3cc                CLOCK_BootToFeeMode
 .text.DisableGlobalIRQ
                0x0000c41c       0x1c ./drivers/fsl_common.o
 .text.EnableGlobalIRQ
                0x0000c438       0x1c ./drivers/fsl_common.o
 .text.InstallIRQHandler
                0x0000c454       0x98 ./drivers/fsl_common.o
                0x0000c454                InstallIRQHandler
 .text.DSPI_IsMaster
                0x0000c4ec       0x18 ./drivers/fsl_dspi.o
 .text.DSPI_CommonIRQHandler
                0x0000c504       0x40 ./drivers/fsl_dspi.o
 .text.SPI0_DriverIRQHandler
                0x0000c544       0x34 ./drivers/fsl_dspi.o
                0x0000c544                SPI0_DriverIRQHandler
 .text.SPI1_DriverIRQHandler
                0x0000c578       0x34 ./drivers/fsl_dspi.o
                0x0000c578                SPI1_DriverIRQHandler
 .text.I2C_TransferCommonIRQHandler
                0x0000c5ac       0x54 ./drivers/fsl_i2c.o
 .text.I2C0_DriverIRQHandler
                0x0000c600       0x20 ./drivers/fsl_i2c.o
                0x0000c600                I2C0_DriverIRQHandler
 .text.I2C1_DriverIRQHandler
                0x0000c620       0x20 ./drivers/fsl_i2c.o
                0x0000c620                I2C1_DriverIRQHandler
 .text.CLOCK_EnableClock
                0x0000c640       0x38 ./drivers/fsl_lpuart.o
 .text.LPUART_GetInstance
                0x0000c678       0x48 ./drivers/fsl_lpuart.o
                0x0000c678                LPUART_GetInstance
 .text.LPUART_Init
                0x0000c6c0      0x28c ./drivers/fsl_lpuart.o
                0x0000c6c0                LPUART_Init
 .text.LPUART_GetDefaultConfig
                0x0000c94c       0x50 ./drivers/fsl_lpuart.o
                0x0000c94c                LPUART_GetDefaultConfig
 .text.LPUART_GetStatusFlags
                0x0000c99c       0x18 ./drivers/fsl_lpuart.o
                0x0000c99c                LPUART_GetStatusFlags
 .text.LPUART_ClearStatusFlags
                0x0000c9b4       0x88 ./drivers/fsl_lpuart.o
                0x0000c9b4                LPUART_ClearStatusFlags
 .text.LPUART_WriteBlocking
                0x0000ca3c       0x4c ./drivers/fsl_lpuart.o
                0x0000ca3c                LPUART_WriteBlocking
 .text.LPUART_ReadBlocking
                0x0000ca88       0xd8 ./drivers/fsl_lpuart.o
                0x0000ca88                LPUART_ReadBlocking
 .text.LPUART0_DriverIRQHandler
                0x0000cb60       0x24 ./drivers/fsl_lpuart.o
                0x0000cb60                LPUART0_DriverIRQHandler
 .text.CLOCK_EnableClock
                0x0000cb84       0x38 ./drivers/fsl_ltc.o
 .text.ltc_check_key_size
                0x0000cbbc       0x1c ./drivers/fsl_ltc.o
                0x0000cbbc                ltc_check_key_size
 .text.ltc_wait
                0x0000cbd8       0x98 ./drivers/fsl_ltc.o
                0x0000cbd8                ltc_wait
 .text.ltc_clear_all
                0x0000cc70       0x20 ./drivers/fsl_ltc.o
                0x0000cc70                ltc_clear_all
 .text.ltc_memcpy
                0x0000cc90       0x30 ./drivers/fsl_ltc.o
                0x0000cc90                ltc_memcpy
 .text.ltc_get_word_from_unaligned
                0x0000ccc0       0x40 ./drivers/fsl_ltc.o
 .text.ltc_set_unaligned_from_word
                0x0000cd00       0x54 ./drivers/fsl_ltc.o
 .text.ltc_set_key
                0x0000cd54       0x50 ./drivers/fsl_ltc.o
 .text.ltc_set_context
                0x0000cda4       0xac ./drivers/fsl_ltc.o
                0x0000cda4                ltc_set_context
 .text.ltc_symmetric_alg_state
                0x0000ce50       0x74 ./drivers/fsl_ltc.o
 .text.ltc_symmetric_update
                0x0000cec4       0x40 ./drivers/fsl_ltc.o
                0x0000cec4                ltc_symmetric_update
 .text.ltc_symmetric_process
                0x0000cf04       0xe8 ./drivers/fsl_ltc.o
                0x0000cf04                ltc_symmetric_process
 .text.ltc_symmetric_process_data
                0x0000cfec       0x84 ./drivers/fsl_ltc.o
                0x0000cfec                ltc_symmetric_process_data
 .text.ltc_process_message_in_sessions
                0x0000d070       0x90 ./drivers/fsl_ltc.o
 .text.LTC_Init
                0x0000d100       0x1c ./drivers/fsl_ltc.o
                0x0000d100                LTC_Init
 .text.LTC_AES_EncryptCbc
                0x0000d11c       0x88 ./drivers/fsl_ltc.o
                0x0000d11c                LTC_AES_EncryptCbc
 .text.LTC_AES_DecryptCbc
                0x0000d1a4       0xa0 ./drivers/fsl_ltc.o
                0x0000d1a4                LTC_AES_DecryptCbc
 .text.CLOCK_EnableClock
                0x0000d244       0x38 ./drivers/fsl_tpm.o
 .text.TPM_GetInstance
                0x0000d27c       0x54 ./drivers/fsl_tpm.o
 .text.TPM_Init
                0x0000d2d0       0xec ./drivers/fsl_tpm.o
                0x0000d2d0                TPM_Init
 .text.TPM_SetupOutputCompare
                0x0000d3bc      0x13c ./drivers/fsl_tpm.o
                0x0000d3bc                TPM_SetupOutputCompare
 .text.TPM_EnableInterrupts
                0x0000d4f8       0x84 ./drivers/fsl_tpm.o
                0x0000d4f8                TPM_EnableInterrupts
 .text.CLOCK_EnableClock
                0x0000d57c       0x38 ./drivers/fsl_trng.o
 .text.trng_GetInstance
                0x0000d5b4       0x48 ./drivers/fsl_trng.o
 .text.TRNG_GetDefaultConfig
                0x0000d5fc       0xe0 ./drivers/fsl_trng.o
                0x0000d5fc                TRNG_GetDefaultConfig
 .text.trng_SetRetryCount
                0x0000d6dc       0x50 ./drivers/fsl_trng.o
 .text.trng_SetStatisticalCheckLimit
                0x0000d72c      0x31c ./drivers/fsl_trng.o
 .text.trng_ApplyUserConfig
                0x0000da48      0x1c4 ./drivers/fsl_trng.o
 .text.trng_ReadEntropy
                0x0000dc0c       0x34 ./drivers/fsl_trng.o
 .text.TRNG_Init
                0x0000dc40       0xb8 ./drivers/fsl_trng.o
                0x0000dc40                TRNG_Init
 .text.TRNG_GetRandomData
                0x0000dcf8       0xec ./drivers/fsl_trng.o
                0x0000dcf8                TRNG_GetRandomData
 .text.CLOCK_EnableClock
                0x0000dde4       0x38 ./board/board.o
 .text.CLOCK_SetLpuartClock
                0x0000de1c       0x38 ./board/board.o
 .text.hardware_init
                0x0000de54      0x22c ./board/board.o
                0x0000de54                hardware_init
 .text.NMI_Handler
                0x0000e080       0x20 ./board/board.o
                0x0000e080                NMI_Handler
 .text.BOARD_DCDCInit
                0x0000e0a0       0x18 ./board/board.o
                0x0000e0a0                BOARD_DCDCInit
 .text.BOARD_GetTpmClock
                0x0000e0b8       0x5c ./board/board.o
                0x0000e0b8                BOARD_GetTpmClock
 .text.CLOCK_EnableClock
                0x0000e114       0x38 ./board/clock_config.o
 .text.CLOCK_DisableClock
                0x0000e14c       0x38 ./board/clock_config.o
 .text.CLOCK_SetLpuartClock
                0x0000e184       0x38 ./board/clock_config.o
 .text.CLOCK_SetTpmClock
                0x0000e1bc       0x38 ./board/clock_config.o
 .text.CLOCK_SetSimSafeDivs
                0x0000e1f4       0x1c ./board/clock_config.o
 .text.CLOCK_SetXtal0Freq
                0x0000e210       0x1c ./board/clock_config.o
 .text.CLOCK_SetXtal32Freq
                0x0000e22c       0x1c ./board/clock_config.o
 .text.RTC_SetOscCapLoad
                0x0000e248       0x34 ./board/clock_config.o
 .text.CLOCK_CONFIG_FllStableDelay
                0x0000e27c       0x24 ./board/clock_config.o
 .text.CLOCK_CONFIG_SetRtcClock
                0x0000e2a0       0x4c ./board/clock_config.o
 .text.CLOCK_CONFIG_EnableRtcOsc
                0x0000e2ec       0x50 ./board/clock_config.o
 .text.BOARD_RfOscInit
                0x0000e33c       0xc8 ./board/clock_config.o
                0x0000e33c                BOARD_RfOscInit
 .text.BOARD_InitOsc0
                0x0000e404       0x30 ./board/clock_config.o
                0x0000e404                BOARD_InitOsc0
 .text.BOARD_BootClockRUN
                0x0000e434       0x6c ./board/clock_config.o
                0x0000e434                BOARD_BootClockRUN
 .text.CLOCK_EnableClock
                0x0000e4a0       0x38 ./board/pin_mux.o
 .text.PORT_SetPinMux
                0x0000e4d8       0x40 ./board/pin_mux.o
 .text.BOARD_InitPins
                0x0000e518       0x8c ./board/pin_mux.o
                0x0000e518                BOARD_InitPins
 .text.SystemInit
                0x0000e5a4       0x18 ./CMSIS/system_MKW41Z4.o
                0x0000e5a4                SystemInit
 .text.roundf   0x0000e5bc       0x4c /usr/local/mcuxpressoide-10.0.2_411/ide/tools/bin/../lib/gcc/arm-none-eabi/5.4.1/../../../../arm-none-eabi/lib/armv6-m/libm.a(lib_a-sf_round.o)
                0x0000e5bc                roundf
 .text.exit     0x0000e608       0x20 /usr/local/mcuxpressoide-10.0.2_411/ide/tools/bin/../lib/gcc/arm-none-eabi/5.4.1/../../../../arm-none-eabi/lib/armv6-m/libc.a(lib_a-exit.o)
                0x0000e608                exit
 .text.__libc_init_array
                0x0000e628       0x48 /usr/local/mcuxpressoide-10.0.2_411/ide/tools/bin/../lib/gcc/arm-none-eabi/5.4.1/../../../../arm-none-eabi/lib/armv6-m/libc.a(lib_a-init.o)
                0x0000e628                __libc_init_array
 .text.memcpy   0x0000e670       0x7c /usr/local/mcuxpressoide-10.0.2_411/ide/tools/bin/../lib/gcc/arm-none-eabi/5.4.1/../../../../arm-none-eabi/lib/armv6-m/libc.a(lib_a-memcpy-stub.o)
                0x0000e670                memcpy
 .text.memset   0x0000e6ec       0x8c /usr/local/mcuxpressoide-10.0.2_411/ide/tools/bin/../lib/gcc/arm-none-eabi/5.4.1/../../../../arm-none-eabi/lib/armv6-m/libc.a(lib_a-memset.o)
                0x0000e6ec                memset
 .text.strncmp  0x0000e778       0x98 /usr/local/mcuxpressoide-10.0.2_411/ide/tools/bin/../lib/gcc/arm-none-eabi/5.4.1/../../../../arm-none-eabi/lib/armv6-m/libc.a(lib_a-strncmp.o)
                0x0000e778                strncmp
 .text.startup.register_fini
                0x0000e810       0x18 /usr/local/mcuxpressoide-10.0.2_411/ide/tools/bin/../lib/gcc/arm-none-eabi/5.4.1/../../../../arm-none-eabi/lib/armv6-m/libc.a(lib_a-__call_atexit.o)
 .text.__call_exitprocs
                0x0000e828       0xfc /usr/local/mcuxpressoide-10.0.2_411/ide/tools/bin/../lib/gcc/arm-none-eabi/5.4.1/../../../../arm-none-eabi/lib/armv6-m/libc.a(lib_a-__call_atexit.o)
                0x0000e828                __call_exitprocs
 .text.atexit   0x0000e924       0x10 /usr/local/mcuxpressoide-10.0.2_411/ide/tools/bin/../lib/gcc/arm-none-eabi/5.4.1/../../../../arm-none-eabi/lib/armv6-m/libc.a(lib_a-atexit.o)
                0x0000e924                atexit
 .text.__libc_fini_array
                0x0000e934       0x34 /usr/local/mcuxpressoide-10.0.2_411/ide/tools/bin/../lib/gcc/arm-none-eabi/5.4.1/../../../../arm-none-eabi/lib/armv6-m/libc.a(lib_a-fini.o)
                0x0000e934                __libc_fini_array
 .text.__register_exitproc
                0x0000e968       0xd4 /usr/local/mcuxpressoide-10.0.2_411/ide/tools/bin/../lib/gcc/arm-none-eabi/5.4.1/../../../../arm-none-eabi/lib/armv6-m/libc.a(lib_a-__atexit.o)
                0x0000e968                __register_exitproc
 .text._exit    0x0000ea3c        0x4 /usr/local/mcuxpressoide-10.0.2_411/ide/tools/bin/../lib/gcc/arm-none-eabi/5.4.1/../../../../arm-none-eabi/lib/armv6-m/libnosys.a(_exit.o)
                0x0000ea3c                _exit
 *(.rodata)
 .rodata        0x0000ea40      0x817 ./source/lab3_server.o
 *fill*         0x0000f257        0x1 
 .rodata        0x0000f258        0xe ./ieee_802.15.4/smac/source/SMAC.o
 *fill*         0x0000f266        0x2 
 .rodata        0x0000f268       0x18 ./framework/XCVR/MKW41Z4/fsl_xcvr.o
 .rodata        0x0000f280        0xe ./framework/TimersManager/Source/TimersManager.o
 *fill*         0x0000f28e        0x2 
 .rodata        0x0000f290        0xa ./framework/OSAbstraction/Source/fsl_os_abstraction_bm.o
 *fill*         0x0000f29a        0x2 
 .rodata        0x0000f29c       0x1e ./framework/ModuleInfo/ModuleInfo.o
 *fill*         0x0000f2ba        0x2 
 .rodata        0x0000f2bc       0x7c ./framework/DCDC/Source/DCDC.o
 .rodata        0x0000f338      0x13a ./drivers/fsl_adc16.o
 *fill*         0x0000f472        0x2 
 .rodata        0x0000f474       0xd9 ./drivers/fsl_clock.o
 *fill*         0x0000f54d        0x3 
 .rodata        0x0000f550      0x46d ./drivers/fsl_dspi.o
 *fill*         0x0000f9bd        0x3 
 .rodata        0x0000f9c0      0x4da ./drivers/fsl_lpuart.o
 *fill*         0x0000fe9a        0x2 
 .rodata        0x0000fe9c      0x473 ./drivers/fsl_tpm.o
 *fill*         0x0001030f        0x1 
 .rodata        0x00010310       0x40 ./drivers/fsl_trng.o
 .rodata        0x00010350       0x80 /usr/local/mcuxpressoide-10.0.2_411/ide/tools/bin/../lib/gcc/arm-none-eabi/5.4.1/armv6-m/libgcc.a(divsf3.o)
 .rodata        0x000103d0       0x40 /usr/local/mcuxpressoide-10.0.2_411/ide/tools/bin/../lib/gcc/arm-none-eabi/5.4.1/armv6-m/libgcc.a(mulsf3.o)
 *(.rodata*)
 .rodata.password
                0x00010410        0x4 ./source/lab3_server.o
                0x00010410                password
 .rodata.PHY_InterruptHandler
                0x00010414       0x18 ./ieee_802.15.4/phy/source/MKW41Z/PhyISR.o
 .rodata.PhyPlmeSetPIBRequest
                0x0001042c       0x44 ./ieee_802.15.4/phy/source/MKW41Z/PhyPlmeData.o
 .rodata.PhyPlmeGetPIBRequest
                0x00010470       0x44 ./ieee_802.15.4/phy/source/MKW41Z/PhyPlmeData.o
 .rodata.gPhyPoolId
                0x000104b4        0x1 ./ieee_802.15.4/phy/source/MKW41Z/PhyStateMachine.o
                0x000104b4                gPhyPoolId
 *fill*         0x000104b5        0x3 
 .rodata.MAC_PLME_SapHandler
                0x000104b8       0x24 ./ieee_802.15.4/phy/source/MKW41Z/PhyStateMachine.o
 .rodata.ant_mode_config
                0x000104dc       0x48 ./framework/XCVR/MKW41Z4/cfgs_kw4x_3x_2x/fsl_xcvr_ant_config.o
                0x000104dc                ant_mode_config
 .rodata.xcvr_ANT_1mbps_config
                0x00010524       0x68 ./framework/XCVR/MKW41Z4/cfgs_kw4x_3x_2x/fsl_xcvr_ant_config.o
                0x00010524                xcvr_ANT_1mbps_config
 .rodata.ble_mode_config
                0x0001058c       0x48 ./framework/XCVR/MKW41Z4/cfgs_kw4x_3x_2x/fsl_xcvr_ble_config.o
                0x0001058c                ble_mode_config
 .rodata.xcvr_BLE_1mbps_config
                0x000105d4       0x68 ./framework/XCVR/MKW41Z4/cfgs_kw4x_3x_2x/fsl_xcvr_ble_config.o
                0x000105d4                xcvr_BLE_1mbps_config
 .rodata.xcvr_common_config
                0x0001063c      0x23c ./framework/XCVR/MKW41Z4/cfgs_kw4x_3x_2x/fsl_xcvr_common_config.o
                0x0001063c                xcvr_common_config
 .rodata.gfsk_bt_0p3_h_0p5_mode_config
                0x00010878       0x48 ./framework/XCVR/MKW41Z4/cfgs_kw4x_3x_2x/fsl_xcvr_gfsk_bt_0p3_h_0p5_config.o
                0x00010878                gfsk_bt_0p3_h_0p5_mode_config
 .rodata.xcvr_GFSK_BT_0p3_h_0p5_1mbps_config
                0x000108c0       0x68 ./framework/XCVR/MKW41Z4/cfgs_kw4x_3x_2x/fsl_xcvr_gfsk_bt_0p3_h_0p5_config.o
                0x000108c0                xcvr_GFSK_BT_0p3_h_0p5_1mbps_config
 .rodata.xcvr_GFSK_BT_0p3_h_0p5_500kbps_config
                0x00010928       0x68 ./framework/XCVR/MKW41Z4/cfgs_kw4x_3x_2x/fsl_xcvr_gfsk_bt_0p3_h_0p5_config.o
                0x00010928                xcvr_GFSK_BT_0p3_h_0p5_500kbps_config
 .rodata.xcvr_GFSK_BT_0p3_h_0p5_250kbps_config
                0x00010990       0x68 ./framework/XCVR/MKW41Z4/cfgs_kw4x_3x_2x/fsl_xcvr_gfsk_bt_0p3_h_0p5_config.o
                0x00010990                xcvr_GFSK_BT_0p3_h_0p5_250kbps_config
 .rodata.gfsk_bt_0p5_h_0p32_mode_config
                0x000109f8       0x48 ./framework/XCVR/MKW41Z4/cfgs_kw4x_3x_2x/fsl_xcvr_gfsk_bt_0p5_h_0p32_config.o
                0x000109f8                gfsk_bt_0p5_h_0p32_mode_config
 .rodata.xcvr_GFSK_BT_0p5_h_0p32_1mbps_config
                0x00010a40       0x68 ./framework/XCVR/MKW41Z4/cfgs_kw4x_3x_2x/fsl_xcvr_gfsk_bt_0p5_h_0p32_config.o
                0x00010a40                xcvr_GFSK_BT_0p5_h_0p32_1mbps_config
 .rodata.xcvr_GFSK_BT_0p5_h_0p32_500kbps_config
                0x00010aa8       0x68 ./framework/XCVR/MKW41Z4/cfgs_kw4x_3x_2x/fsl_xcvr_gfsk_bt_0p5_h_0p32_config.o
                0x00010aa8                xcvr_GFSK_BT_0p5_h_0p32_500kbps_config
 .rodata.xcvr_GFSK_BT_0p5_h_0p32_250kbps_config
                0x00010b10       0x68 ./framework/XCVR/MKW41Z4/cfgs_kw4x_3x_2x/fsl_xcvr_gfsk_bt_0p5_h_0p32_config.o
                0x00010b10                xcvr_GFSK_BT_0p5_h_0p32_250kbps_config
 .rodata.gfsk_bt_0p5_h_0p5_mode_config
                0x00010b78       0x48 ./framework/XCVR/MKW41Z4/cfgs_kw4x_3x_2x/fsl_xcvr_gfsk_bt_0p5_h_0p5_config.o
                0x00010b78                gfsk_bt_0p5_h_0p5_mode_config
 .rodata.xcvr_GFSK_BT_0p5_h_0p5_1mbps_config
                0x00010bc0       0x68 ./framework/XCVR/MKW41Z4/cfgs_kw4x_3x_2x/fsl_xcvr_gfsk_bt_0p5_h_0p5_config.o
                0x00010bc0                xcvr_GFSK_BT_0p5_h_0p5_1mbps_config
 .rodata.xcvr_GFSK_BT_0p5_h_0p5_500kbps_config
                0x00010c28       0x68 ./framework/XCVR/MKW41Z4/cfgs_kw4x_3x_2x/fsl_xcvr_gfsk_bt_0p5_h_0p5_config.o
                0x00010c28                xcvr_GFSK_BT_0p5_h_0p5_500kbps_config
 .rodata.xcvr_GFSK_BT_0p5_h_0p5_250kbps_config
                0x00010c90       0x68 ./framework/XCVR/MKW41Z4/cfgs_kw4x_3x_2x/fsl_xcvr_gfsk_bt_0p5_h_0p5_config.o
                0x00010c90                xcvr_GFSK_BT_0p5_h_0p5_250kbps_config
 .rodata.gfsk_bt_0p5_h_0p7_mode_config
                0x00010cf8       0x48 ./framework/XCVR/MKW41Z4/cfgs_kw4x_3x_2x/fsl_xcvr_gfsk_bt_0p5_h_0p7_config.o
                0x00010cf8                gfsk_bt_0p5_h_0p7_mode_config
 .rodata.xcvr_GFSK_BT_0p5_h_0p7_1mbps_config
                0x00010d40       0x68 ./framework/XCVR/MKW41Z4/cfgs_kw4x_3x_2x/fsl_xcvr_gfsk_bt_0p5_h_0p7_config.o
                0x00010d40                xcvr_GFSK_BT_0p5_h_0p7_1mbps_config
 .rodata.xcvr_GFSK_BT_0p5_h_0p7_500kbps_config
                0x00010da8       0x68 ./framework/XCVR/MKW41Z4/cfgs_kw4x_3x_2x/fsl_xcvr_gfsk_bt_0p5_h_0p7_config.o
                0x00010da8                xcvr_GFSK_BT_0p5_h_0p7_500kbps_config
 .rodata.xcvr_GFSK_BT_0p5_h_0p7_250kbps_config
                0x00010e10       0x68 ./framework/XCVR/MKW41Z4/cfgs_kw4x_3x_2x/fsl_xcvr_gfsk_bt_0p5_h_0p7_config.o
                0x00010e10                xcvr_GFSK_BT_0p5_h_0p7_250kbps_config
 .rodata.gfsk_bt_0p5_h_1p0_mode_config
                0x00010e78       0x48 ./framework/XCVR/MKW41Z4/cfgs_kw4x_3x_2x/fsl_xcvr_gfsk_bt_0p5_h_1p0_config.o
                0x00010e78                gfsk_bt_0p5_h_1p0_mode_config
 .rodata.xcvr_GFSK_BT_0p5_h_1p0_1mbps_config
                0x00010ec0       0x68 ./framework/XCVR/MKW41Z4/cfgs_kw4x_3x_2x/fsl_xcvr_gfsk_bt_0p5_h_1p0_config.o
                0x00010ec0                xcvr_GFSK_BT_0p5_h_1p0_1mbps_config
 .rodata.xcvr_GFSK_BT_0p5_h_1p0_500kbps_config
                0x00010f28       0x68 ./framework/XCVR/MKW41Z4/cfgs_kw4x_3x_2x/fsl_xcvr_gfsk_bt_0p5_h_1p0_config.o
                0x00010f28                xcvr_GFSK_BT_0p5_h_1p0_500kbps_config
 .rodata.xcvr_GFSK_BT_0p5_h_1p0_250kbps_config
                0x00010f90       0x68 ./framework/XCVR/MKW41Z4/cfgs_kw4x_3x_2x/fsl_xcvr_gfsk_bt_0p5_h_1p0_config.o
                0x00010f90                xcvr_GFSK_BT_0p5_h_1p0_250kbps_config
 .rodata.gfsk_bt_0p7_h_0p5_mode_config
                0x00010ff8       0x48 ./framework/XCVR/MKW41Z4/cfgs_kw4x_3x_2x/fsl_xcvr_gfsk_bt_0p7_h_0p5_config.o
                0x00010ff8                gfsk_bt_0p7_h_0p5_mode_config
 .rodata.xcvr_GFSK_BT_0p7_h_0p5_1mbps_config
                0x00011040       0x68 ./framework/XCVR/MKW41Z4/cfgs_kw4x_3x_2x/fsl_xcvr_gfsk_bt_0p7_h_0p5_config.o
                0x00011040                xcvr_GFSK_BT_0p7_h_0p5_1mbps_config
 .rodata.xcvr_GFSK_BT_0p7_h_0p5_500kbps_config
                0x000110a8       0x68 ./framework/XCVR/MKW41Z4/cfgs_kw4x_3x_2x/fsl_xcvr_gfsk_bt_0p7_h_0p5_config.o
                0x000110a8                xcvr_GFSK_BT_0p7_h_0p5_500kbps_config
 .rodata.xcvr_GFSK_BT_0p7_h_0p5_250kbps_config
                0x00011110       0x68 ./framework/XCVR/MKW41Z4/cfgs_kw4x_3x_2x/fsl_xcvr_gfsk_bt_0p7_h_0p5_config.o
                0x00011110                xcvr_GFSK_BT_0p7_h_0p5_250kbps_config
 .rodata.xcvr_1mbps_config
                0x00011178       0x40 ./framework/XCVR/MKW41Z4/cfgs_kw4x_3x_2x/fsl_xcvr_mode_datarate_config.o
                0x00011178                xcvr_1mbps_config
 .rodata.xcvr_500kbps_config
                0x000111b8       0x40 ./framework/XCVR/MKW41Z4/cfgs_kw4x_3x_2x/fsl_xcvr_mode_datarate_config.o
                0x000111b8                xcvr_500kbps_config
 .rodata.xcvr_250kbps_config
                0x000111f8       0x40 ./framework/XCVR/MKW41Z4/cfgs_kw4x_3x_2x/fsl_xcvr_mode_datarate_config.o
                0x000111f8                xcvr_250kbps_config
 .rodata.msk_mode_config
                0x00011238       0x48 ./framework/XCVR/MKW41Z4/cfgs_kw4x_3x_2x/fsl_xcvr_msk_config.o
                0x00011238                msk_mode_config
 .rodata.xcvr_MSK_1mbps_config
                0x00011280       0x68 ./framework/XCVR/MKW41Z4/cfgs_kw4x_3x_2x/fsl_xcvr_msk_config.o
                0x00011280                xcvr_MSK_1mbps_config
 .rodata.xcvr_MSK_500kbps_config
                0x000112e8       0x68 ./framework/XCVR/MKW41Z4/cfgs_kw4x_3x_2x/fsl_xcvr_msk_config.o
                0x000112e8                xcvr_MSK_500kbps_config
 .rodata.xcvr_MSK_250kbps_config
                0x00011350       0x68 ./framework/XCVR/MKW41Z4/cfgs_kw4x_3x_2x/fsl_xcvr_msk_config.o
                0x00011350                xcvr_MSK_250kbps_config
 .rodata.zgbe_mode_config
                0x000113b8       0x48 ./framework/XCVR/MKW41Z4/cfgs_kw4x_3x_2x/fsl_xcvr_zgbe_config.o
                0x000113b8                zgbe_mode_config
 .rodata.xcvr_ZIGBEE_500kbps_config
                0x00011400       0x68 ./framework/XCVR/MKW41Z4/cfgs_kw4x_3x_2x/fsl_xcvr_zgbe_config.o
                0x00011400                xcvr_ZIGBEE_500kbps_config
 .rodata.xcvr_802_15_4_500kbps_config
                0x00011468       0x40 ./framework/XCVR/MKW41Z4/cfgs_kw4x_3x_2x/fsl_xcvr_zgbe_config.o
                0x00011468                xcvr_802_15_4_500kbps_config
 .rodata.mapTable
                0x000114a8      0x400 ./framework/XCVR/MKW41Z4/fsl_xcvr.o
                0x000114a8                mapTable
 .rodata.XCVR_GetDefaultConfig
                0x000118a8       0x28 ./framework/XCVR/MKW41Z4/fsl_xcvr.o
 .rodata.rx_bba_dcoc_dac_trim_DCest
                0x000118d0       0x2c ./framework/XCVR/MKW41Z4/fsl_xcvr_trim.o
 .rodata.BLOCK_1_IFR
                0x000118fc       0x10 ./framework/XCVR/MKW41Z4/ifr_radio.o
                0x000118fc                BLOCK_1_IFR
 .rodata.mTpmConfig
                0x0001190c        0xa ./framework/TimersManager/Source/TMR_Adapter.o
 .rodata.gUseRtos_c
                0x00011916        0x1 ./framework/OSAbstraction/Source/fsl_os_abstraction_bm.o
                0x00011916                gUseRtos_c
 *fill*         0x00011917        0x1 
 .rodata.osEventInfo
                0x00011918        0xc ./framework/OSAbstraction/Source/fsl_os_abstraction_bm.o
                0x00011918                osEventInfo
 .rodata.maPortBases
                0x00011924        0xc ./framework/GPIO/GPIO_Adapter.o
 .rodata.mProdDataIdentifier
                0x00011930        0xa ./framework/Flash/Internal/Flash_Adapter.o
 *fill*         0x0001193a        0x2 
 .rodata.adcConfig
                0x0001193c        0x9 ./framework/DCDC/Source/DCDC.o
 *fill*         0x00011945        0x3 
 .rodata.vbatChanConfig
                0x00011948        0x8 ./framework/DCDC/Source/DCDC.o
                0x00011948                vbatChanConfig
 .rodata.bgapChanConfig
                0x00011950        0x8 ./framework/DCDC/Source/DCDC.o
                0x00011950                bgapChanConfig
 .rodata.CLOCK_GetFreq
                0x00011958       0x24 ./drivers/fsl_clock.o
 .rodata.fllFactorTable.5676
                0x0001197c       0x10 ./drivers/fsl_clock.o
 .rodata.s_tpmBases
                0x0001198c        0xc ./drivers/fsl_tpm.o
 .rodata.s_tpmClocks
                0x00011998        0xc ./drivers/fsl_tpm.o
 .rodata.trng_SetStatisticalCheckLimit
                0x000119a4       0x28 ./drivers/fsl_trng.o
 .rodata.mDcdcDefaultConfig
                0x000119cc       0x14 ./board/board.o
                0x000119cc                mDcdcDefaultConfig
 .rodata.simConfig_BOARD_BootClockRUN
                0x000119e0        0x8 ./board/clock_config.o
                0x000119e0                simConfig_BOARD_BootClockRUN
 .rodata._global_impure_ptr
                0x000119e8        0x4 /usr/local/mcuxpressoide-10.0.2_411/ide/tools/bin/../lib/gcc/arm-none-eabi/5.4.1/../../../../arm-none-eabi/lib/armv6-m/libc.a(lib_a-impure.o)
                0x000119e8                _global_impure_ptr
 *(.glue_7)
 .glue_7        0x000119ec        0x0 linker stubs
 *(.glue_7t)
 .glue_7t       0x000119ec        0x0 linker stubs
 *(.eh_frame)
 .eh_frame      0x000119ec        0x0 /usr/local/mcuxpressoide-10.0.2_411/ide/tools/bin/../lib/gcc/arm-none-eabi/5.4.1/armv6-m/crtbegin.o
 *(.init)
 .init          0x000119ec        0x4 /usr/local/mcuxpressoide-10.0.2_411/ide/tools/bin/../lib/gcc/arm-none-eabi/5.4.1/armv6-m/crti.o
                0x000119ec                _init
 .init          0x000119f0        0x8 /usr/local/mcuxpressoide-10.0.2_411/ide/tools/bin/../lib/gcc/arm-none-eabi/5.4.1/armv6-m/crtn.o
 *(.fini)
 .fini          0x000119f8        0x4 /usr/local/mcuxpressoide-10.0.2_411/ide/tools/bin/../lib/gcc/arm-none-eabi/5.4.1/armv6-m/crti.o
                0x000119f8                _fini
 .fini          0x000119fc        0x8 /usr/local/mcuxpressoide-10.0.2_411/ide/tools/bin/../lib/gcc/arm-none-eabi/5.4.1/armv6-m/crtn.o
                0x00011a04                . = ALIGN (0x4)

.vfp11_veneer   0x00011a04        0x0
 .vfp11_veneer  0x00011a04        0x0 linker stubs

.v4_bx          0x00011a04        0x0
 .v4_bx         0x00011a04        0x0 linker stubs

.iplt           0x00011a04        0x0
 .iplt          0x00011a04        0x0 /usr/local/mcuxpressoide-10.0.2_411/ide/tools/bin/../lib/gcc/arm-none-eabi/5.4.1/armv6-m/crtbegin.o

.VERSION_TAGS   0x00011a04       0x18
                0x00011a04                . = ALIGN (0x4)
                [!provide]                PROVIDE (__start_VERSION_TAGS, .)
 *(.VERSION_TAGS)
 .VERSION_TAGS  0x00011a04        0xc ./ieee_802.15.4/smac/source/SMAC.o
                0x00011a04                SMAC_VERSION
 .VERSION_TAGS  0x00011a10        0xc ./framework/ModuleInfo/ModuleInfo.o
                0x00011a10                FWK_VERSION
                [!provide]                PROVIDE (__stop_VERSION_TAGS, .)
                0x00011a1c                . = ALIGN (0x4)

.ARM.extab
 *(.ARM.extab* .gnu.linkonce.armextab.*)

.ARM            0x00011a1c        0x8
                0x00011a1c                __exidx_start = .
 *(.ARM.exidx*)
 .ARM.exidx     0x00011a1c        0x8 /usr/local/mcuxpressoide-10.0.2_411/ide/tools/bin/../lib/gcc/arm-none-eabi/5.4.1/../../../../arm-none-eabi/lib/armv6-m/crt0.o
 .ARM.exidx     0x00011a24        0x0 /usr/local/mcuxpressoide-10.0.2_411/ide/tools/bin/../lib/gcc/arm-none-eabi/5.4.1/armv6-m/libgcc.a(_udivmoddi4.o)
                                  0x8 (size before relaxing)
                0x00011a24                __exidx_end = .

.rel.dyn        0x00011a24        0x0
 .rel.iplt      0x00011a24        0x0 /usr/local/mcuxpressoide-10.0.2_411/ide/tools/bin/../lib/gcc/arm-none-eabi/5.4.1/armv6-m/crtbegin.o

.ctors          0x00011a24        0x0
                0x00011a24                __CTOR_LIST__ = .
 *crtbegin.o(.ctors)
 *crtbegin?.o(.ctors)
 *(EXCLUDE_FILE(*crtend.o *crtend?.o) .ctors)
 *(SORT(.ctors.*))
 *(.ctors)
                0x00011a24                __CTOR_END__ = .

.dtors          0x00011a24        0x0
                0x00011a24                __DTOR_LIST__ = .
 *crtbegin.o(.dtors)
 *crtbegin?.o(.dtors)
 *(EXCLUDE_FILE(*crtend.o *crtend?.o) .dtors)
 *(SORT(.dtors.*))
 *(.dtors)
                0x00011a24                __DTOR_END__ = .

.preinit_array  0x00011a24        0x0
                0x00011a24                PROVIDE (__preinit_array_start, .)
 *(.preinit_array*)
                0x00011a24                PROVIDE (__preinit_array_end, .)

.init_array     0x00011a24        0x8
                0x00011a24                PROVIDE (__init_array_start, .)
 *(SORT(.init_array.*))
 .init_array.00000
                0x00011a24        0x4 /usr/local/mcuxpressoide-10.0.2_411/ide/tools/bin/../lib/gcc/arm-none-eabi/5.4.1/../../../../arm-none-eabi/lib/armv6-m/libc.a(lib_a-__call_atexit.o)
 *(.init_array*)
 .init_array    0x00011a28        0x4 /usr/local/mcuxpressoide-10.0.2_411/ide/tools/bin/../lib/gcc/arm-none-eabi/5.4.1/armv6-m/crtbegin.o
                0x00011a2c                PROVIDE (__init_array_end, .)

.fini_array     0x00011a2c        0x4
                0x00011a2c                PROVIDE (__fini_array_start, .)
 *(SORT(.fini_array.*))
 *(.fini_array*)
 .fini_array    0x00011a2c        0x4 /usr/local/mcuxpressoide-10.0.2_411/ide/tools/bin/../lib/gcc/arm-none-eabi/5.4.1/armv6-m/crtbegin.o
                0x00011a30                PROVIDE (__fini_array_end, .)
                0x00011a30                __etext = .
                0x00011a30                __DATA_ROM = .

.mtb            0x1fff8000        0x0
                0x1fff8000                . = ALIGN (0x8)
                0x1fff8000                _mtb_start = .
 *(.mtb_buf)
                0x1fff8000                . = ALIGN (0x8)
                0x1fff8000                _mtb_end = .

.interrupts_ram
                0x1fff8000       0xc0
                0x1fff8000                . = ALIGN (0x4)
                0x1fff8000                __VECTOR_RAM__ = .
                0x1fff8000                __interrupts_ram_start__ = .
 *(.m_interrupts_ram)
                0x1fff80c0                . = (. + 0xc0)
 *fill*         0x1fff8000       0xc0 
                0x1fff80c0                . = ALIGN (0x4)
                0x1fff80c0                __interrupts_ram_end__ = .
                0x1fff8000                __VECTOR_RAM = __VECTOR_RAM__
                0x000000c0                __RAM_VECTOR_TABLE_SIZE_BYTES = (__interrupts_ram_end__ - __interrupts_ram_start__)

.data           0x1fff80c0      0x57c load address 0x00011a30
                0x1fff80c0                . = ALIGN (0x4)
                0x1fff80c0                __DATA_RAM = .
                0x1fff80c0                __data_start__ = .
 *(.data)
 .data          0x1fff80c0        0x4 /home/samuel9520/Documents/MCUXpresso_10.0.2_411/workspace/lab3_server/libs/lib_crypto_m0.a(SW_RNG.o)
 *(.data*)
 .data.SLIP_PREFIX
                0x1fff80c4        0x1 ./source/SLIP.o
 .data.SLIP_POSTFIX
                0x1fff80c5        0x1 ./source/SLIP.o
 .data.wwwport  0x1fff80c6        0x1 ./source/TCP_IP.o
 *fill*         0x1fff80c7        0x1 
 .data.ipaddr   0x1fff80c8        0x4 ./source/TCP_IP.o
 .data.seqnum   0x1fff80cc        0x1 ./source/TCP_IP.o
 *fill*         0x1fff80cd        0x3 
 .data.KEY      0x1fff80d0       0x10 ./source/lab3_server.o
                0x1fff80d0                KEY
 .data.IV       0x1fff80e0       0x10 ./source/lab3_server.o
                0x1fff80e0                IV
 .data.txDataBuffer1.7170
                0x1fff80f0        0x4 ./source/lab3_server.o
 .data.txDataBuffer2.7171
                0x1fff80f4        0x4 ./source/lab3_server.o
 .data.txDataBuffer3.7172
                0x1fff80f8        0x4 ./source/lab3_server.o
 .data.mSmacVersionString
                0x1fff80fc        0x4 ./ieee_802.15.4/smac/source/SMAC.o
                0x1fff80fc                mSmacVersionString
 .data.mPhyIrqDisableCnt
                0x1fff8100        0x1 ./ieee_802.15.4/phy/source/MKW41Z/PhyISR.o
                0x1fff8100                mPhyIrqDisableCnt
 *fill*         0x1fff8101        0x3 
 .data.mPhyDSMDuration
                0x1fff8104        0x4 ./ieee_802.15.4/phy/source/MKW41Z/PhyPacketProcessor.o
 .data.gRxRetryTimer
                0x1fff8108        0x1 ./ieee_802.15.4/phy/source/MKW41Z/PhyPlmeData.o
                0x1fff8108                gRxRetryTimer
 *fill*         0x1fff8109        0x3 
 .data.gPhyChannelTxPowerLimits
                0x1fff810c       0x10 ./ieee_802.15.4/phy/source/MKW41Z/PhyPlmeData.o
                0x1fff810c                gPhyChannelTxPowerLimits
 .data.mode_configs_dr_1mbps
                0x1fff811c       0x28 ./framework/XCVR/MKW41Z4/fsl_xcvr.o
                0x1fff811c                mode_configs_dr_1mbps
 .data.mode_configs_dr_500kbps
                0x1fff8144       0x28 ./framework/XCVR/MKW41Z4/fsl_xcvr.o
                0x1fff8144                mode_configs_dr_500kbps
 .data.mode_configs_dr_250kbps
                0x1fff816c       0x28 ./framework/XCVR/MKW41Z4/fsl_xcvr.o
                0x1fff816c                mode_configs_dr_250kbps
 .data.mTpmBase
                0x1fff8194        0xc ./framework/TimersManager/Source/TMR_Adapter.o
 .data.os_thread_def_TMR_Task
                0x1fff81a0       0x20 ./framework/TimersManager/Source/TimersManager.o
                0x1fff81a0                os_thread_def_TMR_Task
 .data.os_thread_def_main_task
                0x1fff81c0       0x20 ./framework/OSAbstraction/Source/fsl_os_abstraction_bm.o
                0x1fff81c0                os_thread_def_main_task
 .data.mFwkVersionString
                0x1fff81e0        0x4 ./framework/ModuleInfo/ModuleInfo.o
 .data.poolInfo
                0x1fff81e4       0x20 ./framework/MemManager/Source/MemManager.o
                0x1fff81e4                poolInfo
 .data.s_slowIrcFreq
                0x1fff8204        0x4 ./drivers/fsl_clock.o
 .data.s_fastIrcFreq
                0x1fff8208        0x4 ./drivers/fsl_clock.o
 .data.SystemCoreClock
                0x1fff820c        0x4 ./CMSIS/system_MKW41Z4.o
                0x1fff820c                SystemCoreClock
 .data.impure_data
                0x1fff8210      0x428 /usr/local/mcuxpressoide-10.0.2_411/ide/tools/bin/../lib/gcc/arm-none-eabi/5.4.1/../../../../arm-none-eabi/lib/armv6-m/libc.a(lib_a-impure.o)
 *(.jcr*)
 .jcr           0x1fff8638        0x0 /usr/local/mcuxpressoide-10.0.2_411/ide/tools/bin/../lib/gcc/arm-none-eabi/5.4.1/armv6-m/crtbegin.o
 .jcr           0x1fff8638        0x4 /usr/local/mcuxpressoide-10.0.2_411/ide/tools/bin/../lib/gcc/arm-none-eabi/5.4.1/armv6-m/crtend.o
                0x1fff863c                . = ALIGN (0x4)
                0x1fff863c                __data_end__ = .
                0x00011fac                __DATA_END = (__DATA_ROM + (__data_end__ - __data_start__))
                0x0007f7ff                text_end = (ORIGIN (TEXT_region2) + LENGTH (TEXT_region2))
                0x00000001                ASSERT ((__DATA_END <= text_end), region m_text overflowed with text and data)

.igot.plt       0x1fff863c        0x0 load address 0x00011fac
 .igot.plt      0x1fff863c        0x0 /usr/local/mcuxpressoide-10.0.2_411/ide/tools/bin/../lib/gcc/arm-none-eabi/5.4.1/armv6-m/crtbegin.o

.bss            0x1fff8640     0x1b28 load address 0x00011fb0
                0x1fff8640                . = ALIGN (0x4)
                0x1fff8640                __START_BSS = .
                0x1fff8640                __bss_start__ = .
 *(.bss)
 .bss           0x1fff8640       0x1c /usr/local/mcuxpressoide-10.0.2_411/ide/tools/bin/../lib/gcc/arm-none-eabi/5.4.1/armv6-m/crtbegin.o
 *(.bss*)
 .bss.info_hdr_len
                0x1fff865c        0x2 ./source/TCP_IP.o
 .bss.info_data_len
                0x1fff865e        0x2 ./source/TCP_IP.o
 .bss.gau8RxDataBuffer
                0x1fff8660       0x82 ./source/lab3_server.o
 *fill*         0x1fff86e2        0x2 
 .bss.gau8TxDataBuffer
                0x1fff86e4       0x6f ./source/lab3_server.o
 *fill*         0x1fff8753        0x1 
 .bss.gAppTxPacket
                0x1fff8754        0x4 ./source/lab3_server.o
 .bss.gAppRxPacket
                0x1fff8758        0x4 ./source/lab3_server.o
 .bss.gTaskEvent
                0x1fff875c        0x4 ./source/lab3_server.o
                0x1fff875c                gTaskEvent
 .bss.testChannel
                0x1fff8760        0x1 ./source/lab3_server.o
                0x1fff8760                testChannel
 .bss.testPower
                0x1fff8761        0x1 ./source/lab3_server.o
                0x1fff8761                testPower
 .bss.shortSourceID
                0x1fff8762        0x2 ./source/lab3_server.o
                0x1fff8762                shortSourceID
 .bss.shortDestinationID
                0x1fff8764        0x2 ./source/lab3_server.o
                0x1fff8764                shortDestinationID
 .bss.shortPanID
                0x1fff8766        0x2 ./source/lab3_server.o
                0x1fff8766                shortPanID
 .bss.evDataFromUART
                0x1fff8768        0x1 ./source/lab3_server.o
                0x1fff8768                evDataFromUART
 .bss.shortCutsEnabled
                0x1fff8769        0x1 ./source/lab3_server.o
                0x1fff8769                shortCutsEnabled
 .bss.bCCAFailed
                0x1fff876a        0x1 ./source/lab3_server.o
 .bss.bACKFailed
                0x1fff876b        0x1 ./source/lab3_server.o
 .bss.rxbuff    0x1fff876c      0x5dc ./source/lab3_server.o
                0x1fff876c                rxbuff
 .bss.bIsInitialized.7156
                0x1fff8d48        0x1 ./source/lab3_server.o
 *fill*         0x1fff8d49        0x3 
 .bss.pPacketPdu.7173
                0x1fff8d4c        0x4 ./source/lab3_server.o
 .bss.gTotalChannels
                0x1fff8d50        0x1 ./ieee_802.15.4/smac/source/SMAC.o
                0x1fff8d50                gTotalChannels
 *fill*         0x1fff8d51        0x7 
 .bss.maSmacAttributes
                0x1fff8d58       0x68 ./ieee_802.15.4/smac/source/SMAC.o
 .bss.mSmacActivePan
                0x1fff8dc0        0x1 ./ieee_802.15.4/smac/source/SMAC.o
 .bss.mSmacInitialized
                0x1fff8dc1        0x1 ./ieee_802.15.4/smac/source/SMAC.o
 *fill*         0x1fff8dc2        0x2 
 .bss.mpRxParams
                0x1fff8dc4        0x4 ./ieee_802.15.4/phy/source/MKW41Z/PhyISR.o
 .bss.mPhyLastRxLQI
                0x1fff8dc8        0x1 ./ieee_802.15.4/phy/source/MKW41Z/PhyISR.o
                0x1fff8dc8                mPhyLastRxLQI
 .bss.mPhyLastRxRSSI
                0x1fff8dc9        0x1 ./ieee_802.15.4/phy/source/MKW41Z/PhyISR.o
                0x1fff8dc9                mPhyLastRxRSSI
 .bss.mPhyForceFP
                0x1fff8dca        0x1 ./ieee_802.15.4/phy/source/MKW41Z/PhyISR.o
                0x1fff8dca                mPhyForceFP
 .bss.mPhyPwrState.7519
                0x1fff8dcb        0x1 ./ieee_802.15.4/phy/source/MKW41Z/PhyPacketProcessor.o
 *fill*         0x1fff8dcc        0x4 
 .bss.phyLocal  0x1fff8dd0       0x48 ./ieee_802.15.4/phy/source/MKW41Z/PhyStateMachine.o
                0x1fff8dd0                phyLocal
 .bss.mXcvrDisallowSleep
                0x1fff8e18        0x1 ./ieee_802.15.4/phy/source/MKW41Z/PhyStateMachine.o
                0x1fff8e18                mXcvrDisallowSleep
 *fill*         0x1fff8e19        0x3 
 .bss.gpfPhyTimeNotify
                0x1fff8e1c        0x4 ./ieee_802.15.4/phy/source/MKW41Z/PhyTime.o
                0x1fff8e1c                gpfPhyTimeNotify
 .bss.mPhyTimers
                0x1fff8e20       0x50 ./ieee_802.15.4/phy/source/MKW41Z/PhyTime.o
 .bss.pNextEvent
                0x1fff8e70        0x4 ./ieee_802.15.4/phy/source/MKW41Z/PhyTime.o
 *fill*         0x1fff8e74        0x4 
 .bss.gPhyTimerOverflow
                0x1fff8e78        0x8 ./ieee_802.15.4/phy/source/MKW41Z/PhyTime.o
                0x1fff8e78                gPhyTimerOverflow
 .bss.mPhyActiveTimers
                0x1fff8e80        0x1 ./ieee_802.15.4/phy/source/MKW41Z/PhyTime.o
 *fill*         0x1fff8e81        0x3 
 .bss.s_PanicFunctionPtr
                0x1fff8e84        0x4 ./framework/XCVR/MKW41Z4/fsl_xcvr.o
 .bss.current_xcvr_config
                0x1fff8e88        0x2 ./framework/XCVR/MKW41Z4/fsl_xcvr.o
 *fill*         0x1fff8e8a        0x2 
 .bss.measurement_tbl2
                0x1fff8e8c       0xc8 ./framework/XCVR/MKW41Z4/fsl_xcvr_trim.o
 .bss.norm_dc_code.6249
                0x1fff8f54        0x2 ./framework/XCVR/MKW41Z4/fsl_xcvr_trim.o
 *fill*         0x1fff8f56        0x2 
 .bss.dc_step.6250
                0x1fff8f58        0x4 ./framework/XCVR/MKW41Z4/fsl_xcvr_trim.o
 .bss.temp.6320
                0x1fff8f5c        0x4 ./framework/XCVR/MKW41Z4/fsl_xcvr_trim.o
 .bss.dc_temp.6319
                0x1fff8f60        0x4 ./framework/XCVR/MKW41Z4/fsl_xcvr_trim.o
 .bss.dc_meas_i.6322
                0x1fff8f64        0x2 ./framework/XCVR/MKW41Z4/fsl_xcvr_trim.o
 .bss.dc_meas_q.6323
                0x1fff8f66        0x2 ./framework/XCVR/MKW41Z4/fsl_xcvr_trim.o
 .bss.ifr_read_addr
                0x1fff8f68        0x4 ./framework/XCVR/MKW41Z4/ifr_radio.o
 .bss.previousTimeInTicks
                0x1fff8f6c        0x2 ./framework/TimersManager/Source/TimersManager.o
 .bss.mMaxToCountDown_c
                0x1fff8f6e        0x2 ./framework/TimersManager/Source/TimersManager.o
 .bss.mTicksFor4ms
                0x1fff8f70        0x2 ./framework/TimersManager/Source/TimersManager.o
 *fill*         0x1fff8f72        0x2 
 .bss.mCounterFreqHz
                0x1fff8f74        0x4 ./framework/TimersManager/Source/TimersManager.o
 .bss.maTmrTimerTable
                0x1fff8f78      0x100 ./framework/TimersManager/Source/TimersManager.o
 .bss.maTmrTimerStatusTable
                0x1fff9078        0x8 ./framework/TimersManager/Source/TimersManager.o
 .bss.numberOfActiveTimers
                0x1fff9080        0x1 ./framework/TimersManager/Source/TimersManager.o
 .bss.numberOfLowPowerActiveTimers
                0x1fff9081        0x1 ./framework/TimersManager/Source/TimersManager.o
 .bss.timerHardwareIsRunning
                0x1fff9082        0x1 ./framework/TimersManager/Source/TimersManager.o
 *fill*         0x1fff9083        0x1 
 .bss.mTimerThreadEventId
                0x1fff9084        0x4 ./framework/TimersManager/Source/TimersManager.o
 .bss.initialized.6047